ARM GAS  C:\Users\Alan\AppData\Local\Temp\ccVhO3fc.s 			page 1


   1              		.cpu cortex-m0
   2              		.fpu softvfp
   3              		.eabi_attribute 20, 1
   4              		.eabi_attribute 21, 1
   5              		.eabi_attribute 23, 3
   6              		.eabi_attribute 24, 1
   7              		.eabi_attribute 25, 1
   8              		.eabi_attribute 26, 1
   9              		.eabi_attribute 30, 1
  10              		.eabi_attribute 34, 0
  11              		.eabi_attribute 18, 4
  12              		.code	16
  13              		.file	"capsense_TunerHelper.c"
  14              		.text
  15              	.Ltext0:
  16              		.cfi_sections	.debug_frame
  17              		.section	.text.capsense_TunerStart,"ax",%progbits
  18              		.align	2
  19              		.global	capsense_TunerStart
  20              		.code	16
  21              		.thumb_func
  22              		.type	capsense_TunerStart, %function
  23              	capsense_TunerStart:
  24              	.LFB35:
  25              		.file 1 ".\\Generated_Source\\PSoC4\\capsense_TunerHelper.c"
   1:.\Generated_Source\PSoC4/capsense_TunerHelper.c **** /*******************************************************************************
   2:.\Generated_Source\PSoC4/capsense_TunerHelper.c **** * File Name: capsense_TunerHelper.c
   3:.\Generated_Source\PSoC4/capsense_TunerHelper.c **** * Version 2.30
   4:.\Generated_Source\PSoC4/capsense_TunerHelper.c **** *
   5:.\Generated_Source\PSoC4/capsense_TunerHelper.c **** * Description:
   6:.\Generated_Source\PSoC4/capsense_TunerHelper.c **** *  This file provides the source code of the Tuner helper APIs for the CapSense CSD
   7:.\Generated_Source\PSoC4/capsense_TunerHelper.c **** *  component.
   8:.\Generated_Source\PSoC4/capsense_TunerHelper.c **** *
   9:.\Generated_Source\PSoC4/capsense_TunerHelper.c **** * Note:
  10:.\Generated_Source\PSoC4/capsense_TunerHelper.c **** *
  11:.\Generated_Source\PSoC4/capsense_TunerHelper.c **** ********************************************************************************
  12:.\Generated_Source\PSoC4/capsense_TunerHelper.c **** * Copyright 2013-2015, Cypress Semiconductor Corporation.  All rights reserved.
  13:.\Generated_Source\PSoC4/capsense_TunerHelper.c **** * You may use this file only in accordance with the license, terms, conditions,
  14:.\Generated_Source\PSoC4/capsense_TunerHelper.c **** * disclaimers, and limitations in the end user license agreement accompanying
  15:.\Generated_Source\PSoC4/capsense_TunerHelper.c **** * the software package with which this file was provided.
  16:.\Generated_Source\PSoC4/capsense_TunerHelper.c **** *******************************************************************************/
  17:.\Generated_Source\PSoC4/capsense_TunerHelper.c **** 
  18:.\Generated_Source\PSoC4/capsense_TunerHelper.c **** #include "capsense_TunerHelper.h"
  19:.\Generated_Source\PSoC4/capsense_TunerHelper.c **** 
  20:.\Generated_Source\PSoC4/capsense_TunerHelper.c **** 
  21:.\Generated_Source\PSoC4/capsense_TunerHelper.c **** #if (capsense_TUNER_API_GENERATE)
  22:.\Generated_Source\PSoC4/capsense_TunerHelper.c ****     #include "SCB.h"
  23:.\Generated_Source\PSoC4/capsense_TunerHelper.c ****     #include "SCB_EZI2C.h"
  24:.\Generated_Source\PSoC4/capsense_TunerHelper.c ****     volatile capsense_MAILBOXES capsense_mailboxesComm;
  25:.\Generated_Source\PSoC4/capsense_TunerHelper.c **** #endif  /* (capsense_TUNER_API_GENERATE) */
  26:.\Generated_Source\PSoC4/capsense_TunerHelper.c **** 
  27:.\Generated_Source\PSoC4/capsense_TunerHelper.c **** /* `#START capsense_TunerHelper_HEADER` */
  28:.\Generated_Source\PSoC4/capsense_TunerHelper.c **** 
  29:.\Generated_Source\PSoC4/capsense_TunerHelper.c **** /* `#END` */
  30:.\Generated_Source\PSoC4/capsense_TunerHelper.c **** 
  31:.\Generated_Source\PSoC4/capsense_TunerHelper.c **** /*******************************************************************************
  32:.\Generated_Source\PSoC4/capsense_TunerHelper.c **** * Function Name: capsense_TunerStart
ARM GAS  C:\Users\Alan\AppData\Local\Temp\ccVhO3fc.s 			page 2


  33:.\Generated_Source\PSoC4/capsense_TunerHelper.c **** ********************************************************************************
  34:.\Generated_Source\PSoC4/capsense_TunerHelper.c **** *
  35:.\Generated_Source\PSoC4/capsense_TunerHelper.c **** * Summary:
  36:.\Generated_Source\PSoC4/capsense_TunerHelper.c **** *  Initializes the CapSense CSD component and EzI2C communication component to use
  37:.\Generated_Source\PSoC4/capsense_TunerHelper.c **** *  a mailbox data structure for communication with the Tuner GUI.
  38:.\Generated_Source\PSoC4/capsense_TunerHelper.c **** *  Start the scanning, after initialization is complete.
  39:.\Generated_Source\PSoC4/capsense_TunerHelper.c **** *
  40:.\Generated_Source\PSoC4/capsense_TunerHelper.c **** * Parameters:
  41:.\Generated_Source\PSoC4/capsense_TunerHelper.c **** *  None
  42:.\Generated_Source\PSoC4/capsense_TunerHelper.c **** *
  43:.\Generated_Source\PSoC4/capsense_TunerHelper.c **** * Return:
  44:.\Generated_Source\PSoC4/capsense_TunerHelper.c **** *  None
  45:.\Generated_Source\PSoC4/capsense_TunerHelper.c **** *
  46:.\Generated_Source\PSoC4/capsense_TunerHelper.c **** * Global Variables:
  47:.\Generated_Source\PSoC4/capsense_TunerHelper.c **** *  None
  48:.\Generated_Source\PSoC4/capsense_TunerHelper.c **** *
  49:.\Generated_Source\PSoC4/capsense_TunerHelper.c **** *******************************************************************************/
  50:.\Generated_Source\PSoC4/capsense_TunerHelper.c **** void capsense_TunerStart(void)
  51:.\Generated_Source\PSoC4/capsense_TunerHelper.c **** {
  26              		.loc 1 51 0
  27              		.cfi_startproc
  52:.\Generated_Source\PSoC4/capsense_TunerHelper.c ****     #if (0u != capsense_TUNER_API_GENERATE)
  53:.\Generated_Source\PSoC4/capsense_TunerHelper.c **** 
  54:.\Generated_Source\PSoC4/capsense_TunerHelper.c ****         /* Init mbx and quick check */
  55:.\Generated_Source\PSoC4/capsense_TunerHelper.c ****         capsense_InitMailbox(&capsense_mailboxesComm.csdMailbox);
  56:.\Generated_Source\PSoC4/capsense_TunerHelper.c ****         capsense_mailboxesComm.numMailBoxes = capsense_DEFAULT_MAILBOXES_NUMBER;
  57:.\Generated_Source\PSoC4/capsense_TunerHelper.c **** 
  58:.\Generated_Source\PSoC4/capsense_TunerHelper.c ****         /* Start CapSense and baselines */
  59:.\Generated_Source\PSoC4/capsense_TunerHelper.c ****         capsense_Start();
  60:.\Generated_Source\PSoC4/capsense_TunerHelper.c **** 
  61:.\Generated_Source\PSoC4/capsense_TunerHelper.c ****         /* Initialize baselines */
  62:.\Generated_Source\PSoC4/capsense_TunerHelper.c ****         #if(0u != capsense_CSHL_API_GENERATE)
  63:.\Generated_Source\PSoC4/capsense_TunerHelper.c ****             capsense_InitializeEnabledBaselines();
  64:.\Generated_Source\PSoC4/capsense_TunerHelper.c ****         #endif /* (0u != capsense_CSHL_API_GENERATE) */
  65:.\Generated_Source\PSoC4/capsense_TunerHelper.c **** 
  66:.\Generated_Source\PSoC4/capsense_TunerHelper.c ****         /* Start EzI2C, clears buf pointers */
  67:.\Generated_Source\PSoC4/capsense_TunerHelper.c ****         SCB_Start();
  68:.\Generated_Source\PSoC4/capsense_TunerHelper.c **** 
  69:.\Generated_Source\PSoC4/capsense_TunerHelper.c ****         /* Setup EzI2C buffers */
  70:.\Generated_Source\PSoC4/capsense_TunerHelper.c ****         SCB_EzI2CSetBuffer1(sizeof(capsense_mailboxesComm), sizeof(capsense_mailboxesComm),
  71:.\Generated_Source\PSoC4/capsense_TunerHelper.c ****                                                    (volatile uint8 *) &capsense_mailboxesComm);
  72:.\Generated_Source\PSoC4/capsense_TunerHelper.c **** 
  73:.\Generated_Source\PSoC4/capsense_TunerHelper.c ****         /* Starts scan all enabled sensors */
  74:.\Generated_Source\PSoC4/capsense_TunerHelper.c ****         capsense_ScanEnabledWidgets();
  75:.\Generated_Source\PSoC4/capsense_TunerHelper.c **** 
  76:.\Generated_Source\PSoC4/capsense_TunerHelper.c ****     #endif  /* (0u != capsense_TUNER_API_GENERATE) */
  77:.\Generated_Source\PSoC4/capsense_TunerHelper.c **** }
  28              		.loc 1 77 0
  29              		@ sp needed
  30 0000 7047     		bx	lr
  31              		.cfi_endproc
  32              	.LFE35:
  33              		.size	capsense_TunerStart, .-capsense_TunerStart
  34 0002 C046     		.section	.text.capsense_TunerComm,"ax",%progbits
  35              		.align	2
  36              		.global	capsense_TunerComm
  37              		.code	16
ARM GAS  C:\Users\Alan\AppData\Local\Temp\ccVhO3fc.s 			page 3


  38              		.thumb_func
  39              		.type	capsense_TunerComm, %function
  40              	capsense_TunerComm:
  41              	.LFB36:
  78:.\Generated_Source\PSoC4/capsense_TunerHelper.c **** 
  79:.\Generated_Source\PSoC4/capsense_TunerHelper.c **** 
  80:.\Generated_Source\PSoC4/capsense_TunerHelper.c **** /*******************************************************************************
  81:.\Generated_Source\PSoC4/capsense_TunerHelper.c **** * Function Name: capsense_TunerComm
  82:.\Generated_Source\PSoC4/capsense_TunerHelper.c **** ********************************************************************************
  83:.\Generated_Source\PSoC4/capsense_TunerHelper.c **** *
  84:.\Generated_Source\PSoC4/capsense_TunerHelper.c **** * Summary:
  85:.\Generated_Source\PSoC4/capsense_TunerHelper.c **** *  This function is blocking. It waits till scanning loop is completed and applies
  86:.\Generated_Source\PSoC4/capsense_TunerHelper.c **** *  the new parameters from the Tuner GUI if available (the manual tuning mode only). Updates
  87:.\Generated_Source\PSoC4/capsense_TunerHelper.c **** *  the enabled baselines and state of widgets. Waits while the Tuner GUI reports that
  88:.\Generated_Source\PSoC4/capsense_TunerHelper.c **** *  the mailbox content  could be modified. Then loads the report data into the outbox
  89:.\Generated_Source\PSoC4/capsense_TunerHelper.c **** *  and sets a busy flag. Starts a new scanning loop.
  90:.\Generated_Source\PSoC4/capsense_TunerHelper.c **** *
  91:.\Generated_Source\PSoC4/capsense_TunerHelper.c **** * Parameters:
  92:.\Generated_Source\PSoC4/capsense_TunerHelper.c **** *  None
  93:.\Generated_Source\PSoC4/capsense_TunerHelper.c **** *
  94:.\Generated_Source\PSoC4/capsense_TunerHelper.c **** * Return:
  95:.\Generated_Source\PSoC4/capsense_TunerHelper.c **** *  None
  96:.\Generated_Source\PSoC4/capsense_TunerHelper.c **** *
  97:.\Generated_Source\PSoC4/capsense_TunerHelper.c **** * Global Variables:
  98:.\Generated_Source\PSoC4/capsense_TunerHelper.c **** *  None
  99:.\Generated_Source\PSoC4/capsense_TunerHelper.c **** *
 100:.\Generated_Source\PSoC4/capsense_TunerHelper.c **** *******************************************************************************/
 101:.\Generated_Source\PSoC4/capsense_TunerHelper.c **** void capsense_TunerComm(void)
 102:.\Generated_Source\PSoC4/capsense_TunerHelper.c **** {
  42              		.loc 1 102 0
  43              		.cfi_startproc
 103:.\Generated_Source\PSoC4/capsense_TunerHelper.c ****     #if (0u != capsense_TUNER_API_GENERATE)
 104:.\Generated_Source\PSoC4/capsense_TunerHelper.c ****         if (0u == capsense_IsBusy())
 105:.\Generated_Source\PSoC4/capsense_TunerHelper.c ****         {
 106:.\Generated_Source\PSoC4/capsense_TunerHelper.c ****             /* Apply new settings */
 107:.\Generated_Source\PSoC4/capsense_TunerHelper.c ****             #if((capsense_TUNING_METHOD != capsense__TUNING_NONE) &&\
 108:.\Generated_Source\PSoC4/capsense_TunerHelper.c ****                 (0u != capsense_TOTAL_TRACKPAD_GESTURES_COUNT) ||\
 109:.\Generated_Source\PSoC4/capsense_TunerHelper.c ****                 (capsense_TUNING_METHOD == capsense__TUNING_MANUAL))
 110:.\Generated_Source\PSoC4/capsense_TunerHelper.c **** 
 111:.\Generated_Source\PSoC4/capsense_TunerHelper.c ****                 capsense_ReadMessage(&capsense_mailboxesComm.csdMailbox);
 112:.\Generated_Source\PSoC4/capsense_TunerHelper.c **** 
 113:.\Generated_Source\PSoC4/capsense_TunerHelper.c ****             #endif  /* ((capsense_TUNING_METHOD != capsense__TUNING_NONE) &&\
 114:.\Generated_Source\PSoC4/capsense_TunerHelper.c ****                         (0u != capsense_TOTAL_TRACKPAD_GESTURES_COUNT) ||\
 115:.\Generated_Source\PSoC4/capsense_TunerHelper.c ****                         (capsense_TUNING_METHOD == capsense__TUNING_MANUAL)) */
 116:.\Generated_Source\PSoC4/capsense_TunerHelper.c **** 
 117:.\Generated_Source\PSoC4/capsense_TunerHelper.c ****             #if(0u != capsense_CSHL_API_GENERATE)
 118:.\Generated_Source\PSoC4/capsense_TunerHelper.c ****                 /* Update all baselines and process all widgets */
 119:.\Generated_Source\PSoC4/capsense_TunerHelper.c ****                 capsense_UpdateEnabledBaselines();
 120:.\Generated_Source\PSoC4/capsense_TunerHelper.c ****                 capsense_ProcessAllWidgets(&capsense_mailboxesComm.csdMailbox.outbox);
 121:.\Generated_Source\PSoC4/capsense_TunerHelper.c ****             #endif /* (0u != capsense_CSHL_API_GENERATE) */
 122:.\Generated_Source\PSoC4/capsense_TunerHelper.c **** 
 123:.\Generated_Source\PSoC4/capsense_TunerHelper.c ****             capsense_PostMessage(&capsense_mailboxesComm.csdMailbox);
 124:.\Generated_Source\PSoC4/capsense_TunerHelper.c **** 
 125:.\Generated_Source\PSoC4/capsense_TunerHelper.c ****             /* Enable EZI2C interrupts, after scan complete */
 126:.\Generated_Source\PSoC4/capsense_TunerHelper.c ****             SCB_EnableInt();
 127:.\Generated_Source\PSoC4/capsense_TunerHelper.c **** 
 128:.\Generated_Source\PSoC4/capsense_TunerHelper.c ****             while((capsense_mailboxesComm.csdMailbox.type != capsense_TYPE_ID) ||
ARM GAS  C:\Users\Alan\AppData\Local\Temp\ccVhO3fc.s 			page 4


 129:.\Generated_Source\PSoC4/capsense_TunerHelper.c ****                   (0u != (SCB_EzI2CGetActivity() & SCB_EZI2C_STATUS_BUSY))){}
 130:.\Generated_Source\PSoC4/capsense_TunerHelper.c **** 
 131:.\Generated_Source\PSoC4/capsense_TunerHelper.c ****             /* Disable EZI2C interrupts, while scanning */
 132:.\Generated_Source\PSoC4/capsense_TunerHelper.c ****             SCB_DisableInt();
 133:.\Generated_Source\PSoC4/capsense_TunerHelper.c **** 
 134:.\Generated_Source\PSoC4/capsense_TunerHelper.c ****             /* Start scan all sensors */
 135:.\Generated_Source\PSoC4/capsense_TunerHelper.c ****             capsense_ScanEnabledWidgets();
 136:.\Generated_Source\PSoC4/capsense_TunerHelper.c ****         }
 137:.\Generated_Source\PSoC4/capsense_TunerHelper.c ****     #endif /* (0u != capsense_TUNER_API_GENERATE) */
 138:.\Generated_Source\PSoC4/capsense_TunerHelper.c **** }
  44              		.loc 1 138 0
  45              		@ sp needed
  46 0000 7047     		bx	lr
  47              		.cfi_endproc
  48              	.LFE36:
  49              		.size	capsense_TunerComm, .-capsense_TunerComm
  50 0002 C046     		.text
  51              	.Letext0:
  52              		.section	.debug_info,"",%progbits
  53              	.Ldebug_info0:
  54 0000 A6000000 		.4byte	0xa6
  55 0004 0400     		.2byte	0x4
  56 0006 00000000 		.4byte	.Ldebug_abbrev0
  57 000a 04       		.byte	0x4
  58 000b 01       		.uleb128 0x1
  59 000c F6000000 		.4byte	.LASF15
  60 0010 01       		.byte	0x1
  61 0011 B3000000 		.4byte	.LASF16
  62 0015 84010000 		.4byte	.LASF17
  63 0019 00000000 		.4byte	.Ldebug_ranges0+0
  64 001d 00000000 		.4byte	0
  65 0021 00000000 		.4byte	.Ldebug_line0
  66 0025 02       		.uleb128 0x2
  67 0026 01       		.byte	0x1
  68 0027 06       		.byte	0x6
  69 0028 2F000000 		.4byte	.LASF0
  70 002c 02       		.uleb128 0x2
  71 002d 01       		.byte	0x1
  72 002e 08       		.byte	0x8
  73 002f 7D000000 		.4byte	.LASF1
  74 0033 02       		.uleb128 0x2
  75 0034 02       		.byte	0x2
  76 0035 05       		.byte	0x5
  77 0036 EC000000 		.4byte	.LASF2
  78 003a 02       		.uleb128 0x2
  79 003b 02       		.byte	0x2
  80 003c 07       		.byte	0x7
  81 003d A0000000 		.4byte	.LASF3
  82 0041 02       		.uleb128 0x2
  83 0042 04       		.byte	0x4
  84 0043 05       		.byte	0x5
  85 0044 90000000 		.4byte	.LASF4
  86 0048 02       		.uleb128 0x2
  87 0049 04       		.byte	0x4
  88 004a 07       		.byte	0x7
  89 004b 3B000000 		.4byte	.LASF5
  90 004f 02       		.uleb128 0x2
ARM GAS  C:\Users\Alan\AppData\Local\Temp\ccVhO3fc.s 			page 5


  91 0050 08       		.byte	0x8
  92 0051 05       		.byte	0x5
  93 0052 00000000 		.4byte	.LASF6
  94 0056 02       		.uleb128 0x2
  95 0057 08       		.byte	0x8
  96 0058 07       		.byte	0x7
  97 0059 4D000000 		.4byte	.LASF7
  98 005d 03       		.uleb128 0x3
  99 005e 04       		.byte	0x4
 100 005f 05       		.byte	0x5
 101 0060 696E7400 		.ascii	"int\000"
 102 0064 02       		.uleb128 0x2
 103 0065 04       		.byte	0x4
 104 0066 07       		.byte	0x7
 105 0067 0E000000 		.4byte	.LASF8
 106 006b 02       		.uleb128 0x2
 107 006c 04       		.byte	0x4
 108 006d 04       		.byte	0x4
 109 006e 64000000 		.4byte	.LASF9
 110 0072 02       		.uleb128 0x2
 111 0073 08       		.byte	0x8
 112 0074 04       		.byte	0x4
 113 0075 99000000 		.4byte	.LASF10
 114 0079 02       		.uleb128 0x2
 115 007a 01       		.byte	0x1
 116 007b 08       		.byte	0x8
 117 007c 8B000000 		.4byte	.LASF11
 118 0080 02       		.uleb128 0x2
 119 0081 04       		.byte	0x4
 120 0082 07       		.byte	0x7
 121 0083 E3000000 		.4byte	.LASF12
 122 0087 04       		.uleb128 0x4
 123 0088 1B000000 		.4byte	.LASF13
 124 008c 01       		.byte	0x1
 125 008d 32       		.byte	0x32
 126 008e 00000000 		.4byte	.LFB35
 127 0092 02000000 		.4byte	.LFE35-.LFB35
 128 0096 01       		.uleb128 0x1
 129 0097 9C       		.byte	0x9c
 130 0098 04       		.uleb128 0x4
 131 0099 6A000000 		.4byte	.LASF14
 132 009d 01       		.byte	0x1
 133 009e 65       		.byte	0x65
 134 009f 00000000 		.4byte	.LFB36
 135 00a3 02000000 		.4byte	.LFE36-.LFB36
 136 00a7 01       		.uleb128 0x1
 137 00a8 9C       		.byte	0x9c
 138 00a9 00       		.byte	0
 139              		.section	.debug_abbrev,"",%progbits
 140              	.Ldebug_abbrev0:
 141 0000 01       		.uleb128 0x1
 142 0001 11       		.uleb128 0x11
 143 0002 01       		.byte	0x1
 144 0003 25       		.uleb128 0x25
 145 0004 0E       		.uleb128 0xe
 146 0005 13       		.uleb128 0x13
 147 0006 0B       		.uleb128 0xb
ARM GAS  C:\Users\Alan\AppData\Local\Temp\ccVhO3fc.s 			page 6


 148 0007 03       		.uleb128 0x3
 149 0008 0E       		.uleb128 0xe
 150 0009 1B       		.uleb128 0x1b
 151 000a 0E       		.uleb128 0xe
 152 000b 55       		.uleb128 0x55
 153 000c 17       		.uleb128 0x17
 154 000d 11       		.uleb128 0x11
 155 000e 01       		.uleb128 0x1
 156 000f 10       		.uleb128 0x10
 157 0010 17       		.uleb128 0x17
 158 0011 00       		.byte	0
 159 0012 00       		.byte	0
 160 0013 02       		.uleb128 0x2
 161 0014 24       		.uleb128 0x24
 162 0015 00       		.byte	0
 163 0016 0B       		.uleb128 0xb
 164 0017 0B       		.uleb128 0xb
 165 0018 3E       		.uleb128 0x3e
 166 0019 0B       		.uleb128 0xb
 167 001a 03       		.uleb128 0x3
 168 001b 0E       		.uleb128 0xe
 169 001c 00       		.byte	0
 170 001d 00       		.byte	0
 171 001e 03       		.uleb128 0x3
 172 001f 24       		.uleb128 0x24
 173 0020 00       		.byte	0
 174 0021 0B       		.uleb128 0xb
 175 0022 0B       		.uleb128 0xb
 176 0023 3E       		.uleb128 0x3e
 177 0024 0B       		.uleb128 0xb
 178 0025 03       		.uleb128 0x3
 179 0026 08       		.uleb128 0x8
 180 0027 00       		.byte	0
 181 0028 00       		.byte	0
 182 0029 04       		.uleb128 0x4
 183 002a 2E       		.uleb128 0x2e
 184 002b 00       		.byte	0
 185 002c 3F       		.uleb128 0x3f
 186 002d 19       		.uleb128 0x19
 187 002e 03       		.uleb128 0x3
 188 002f 0E       		.uleb128 0xe
 189 0030 3A       		.uleb128 0x3a
 190 0031 0B       		.uleb128 0xb
 191 0032 3B       		.uleb128 0x3b
 192 0033 0B       		.uleb128 0xb
 193 0034 27       		.uleb128 0x27
 194 0035 19       		.uleb128 0x19
 195 0036 11       		.uleb128 0x11
 196 0037 01       		.uleb128 0x1
 197 0038 12       		.uleb128 0x12
 198 0039 06       		.uleb128 0x6
 199 003a 40       		.uleb128 0x40
 200 003b 18       		.uleb128 0x18
 201 003c 9742     		.uleb128 0x2117
 202 003e 19       		.uleb128 0x19
 203 003f 00       		.byte	0
 204 0040 00       		.byte	0
ARM GAS  C:\Users\Alan\AppData\Local\Temp\ccVhO3fc.s 			page 7


 205 0041 00       		.byte	0
 206              		.section	.debug_aranges,"",%progbits
 207 0000 24000000 		.4byte	0x24
 208 0004 0200     		.2byte	0x2
 209 0006 00000000 		.4byte	.Ldebug_info0
 210 000a 04       		.byte	0x4
 211 000b 00       		.byte	0
 212 000c 0000     		.2byte	0
 213 000e 0000     		.2byte	0
 214 0010 00000000 		.4byte	.LFB35
 215 0014 02000000 		.4byte	.LFE35-.LFB35
 216 0018 00000000 		.4byte	.LFB36
 217 001c 02000000 		.4byte	.LFE36-.LFB36
 218 0020 00000000 		.4byte	0
 219 0024 00000000 		.4byte	0
 220              		.section	.debug_ranges,"",%progbits
 221              	.Ldebug_ranges0:
 222 0000 00000000 		.4byte	.LFB35
 223 0004 02000000 		.4byte	.LFE35
 224 0008 00000000 		.4byte	.LFB36
 225 000c 02000000 		.4byte	.LFE36
 226 0010 00000000 		.4byte	0
 227 0014 00000000 		.4byte	0
 228              		.section	.debug_line,"",%progbits
 229              	.Ldebug_line0:
 230 0000 71000000 		.section	.debug_str,"MS",%progbits,1
 230      02004600 
 230      00000201 
 230      FB0E0D00 
 230      01010101 
 231              	.LASF6:
 232 0000 6C6F6E67 		.ascii	"long long int\000"
 232      206C6F6E 
 232      6720696E 
 232      7400
 233              	.LASF8:
 234 000e 756E7369 		.ascii	"unsigned int\000"
 234      676E6564 
 234      20696E74 
 234      00
 235              	.LASF13:
 236 001b 63617073 		.ascii	"capsense_TunerStart\000"
 236      656E7365 
 236      5F54756E 
 236      65725374 
 236      61727400 
 237              	.LASF0:
 238 002f 7369676E 		.ascii	"signed char\000"
 238      65642063 
 238      68617200 
 239              	.LASF5:
 240 003b 6C6F6E67 		.ascii	"long unsigned int\000"
 240      20756E73 
 240      69676E65 
 240      6420696E 
 240      7400
 241              	.LASF7:
ARM GAS  C:\Users\Alan\AppData\Local\Temp\ccVhO3fc.s 			page 8


 242 004d 6C6F6E67 		.ascii	"long long unsigned int\000"
 242      206C6F6E 
 242      6720756E 
 242      7369676E 
 242      65642069 
 243              	.LASF9:
 244 0064 666C6F61 		.ascii	"float\000"
 244      7400
 245              	.LASF14:
 246 006a 63617073 		.ascii	"capsense_TunerComm\000"
 246      656E7365 
 246      5F54756E 
 246      6572436F 
 246      6D6D00
 247              	.LASF1:
 248 007d 756E7369 		.ascii	"unsigned char\000"
 248      676E6564 
 248      20636861 
 248      7200
 249              	.LASF11:
 250 008b 63686172 		.ascii	"char\000"
 250      00
 251              	.LASF4:
 252 0090 6C6F6E67 		.ascii	"long int\000"
 252      20696E74 
 252      00
 253              	.LASF10:
 254 0099 646F7562 		.ascii	"double\000"
 254      6C6500
 255              	.LASF3:
 256 00a0 73686F72 		.ascii	"short unsigned int\000"
 256      7420756E 
 256      7369676E 
 256      65642069 
 256      6E7400
 257              	.LASF16:
 258 00b3 2E5C4765 		.ascii	".\\Generated_Source\\PSoC4\\capsense_TunerHelper.c\000"
 258      6E657261 
 258      7465645F 
 258      536F7572 
 258      63655C50 
 259              	.LASF12:
 260 00e3 73697A65 		.ascii	"sizetype\000"
 260      74797065 
 260      00
 261              	.LASF2:
 262 00ec 73686F72 		.ascii	"short int\000"
 262      7420696E 
 262      7400
 263              	.LASF15:
 264 00f6 474E5520 		.ascii	"GNU C 4.9.3 20150303 (release) [ARM/embedded-4_9-br"
 264      4320342E 
 264      392E3320 
 264      32303135 
 264      30333033 
 265 0129 616E6368 		.ascii	"anch revision 221220] -mcpu=cortex-m0 -mthumb -g -O"
 265      20726576 
ARM GAS  C:\Users\Alan\AppData\Local\Temp\ccVhO3fc.s 			page 9


 265      6973696F 
 265      6E203232 
 265      31323230 
 266 015c 67202D66 		.ascii	"g -ffunction-sections -ffat-lto-objects\000"
 266      66756E63 
 266      74696F6E 
 266      2D736563 
 266      74696F6E 
 267              	.LASF17:
 268 0184 5C5C766D 		.ascii	"\\\\vmware-host\\Shared Folders\\Documents\\BLEIOSA"
 268      77617265 
 268      2D686F73 
 268      745C5368 
 268      61726564 
 269 01b2 50505C63 		.ascii	"PP\\capsenseled\\capsenseled.cydsn\000"
 269      61707365 
 269      6E73656C 
 269      65645C63 
 269      61707365 
 270              		.ident	"GCC: (GNU Tools for ARM Embedded Processors) 4.9.3 20150303 (release) [ARM/embedded-4_9-br
