ARM GAS  C:\Users\Alan\AppData\Local\Temp\ccJR3Eoz.s 			page 1


   1              		.cpu cortex-m0
   2              		.fpu softvfp
   3              		.eabi_attribute 20, 1
   4              		.eabi_attribute 21, 1
   5              		.eabi_attribute 23, 3
   6              		.eabi_attribute 24, 1
   7              		.eabi_attribute 25, 1
   8              		.eabi_attribute 26, 1
   9              		.eabi_attribute 30, 1
  10              		.eabi_attribute 34, 0
  11              		.eabi_attribute 18, 4
  12              		.code	16
  13              		.file	"ble_bless_isr.c"
  14              		.text
  15              	.Ltext0:
  16              		.cfi_sections	.debug_frame
  17              		.section	.text.BLE_bless_isr_Interrupt,"ax",%progbits
  18              		.align	2
  19              		.global	BLE_bless_isr_Interrupt
  20              		.code	16
  21              		.thumb_func
  22              		.type	BLE_bless_isr_Interrupt, %function
  23              	BLE_bless_isr_Interrupt:
  24              	.LFB5:
  25              		.file 1 ".\\Generated_Source\\PSoC4\\ble_bless_isr.c"
   1:.\Generated_Source\PSoC4/ble_bless_isr.c **** /*******************************************************************************
   2:.\Generated_Source\PSoC4/ble_bless_isr.c **** * File Name: BLE_bless_isr.c  
   3:.\Generated_Source\PSoC4/ble_bless_isr.c **** * Version 1.70
   4:.\Generated_Source\PSoC4/ble_bless_isr.c **** *
   5:.\Generated_Source\PSoC4/ble_bless_isr.c **** *  Description:
   6:.\Generated_Source\PSoC4/ble_bless_isr.c **** *   API for controlling the state of an interrupt.
   7:.\Generated_Source\PSoC4/ble_bless_isr.c **** *
   8:.\Generated_Source\PSoC4/ble_bless_isr.c **** *
   9:.\Generated_Source\PSoC4/ble_bless_isr.c **** *  Note:
  10:.\Generated_Source\PSoC4/ble_bless_isr.c **** *
  11:.\Generated_Source\PSoC4/ble_bless_isr.c **** ********************************************************************************
  12:.\Generated_Source\PSoC4/ble_bless_isr.c **** * Copyright 2008-2015, Cypress Semiconductor Corporation.  All rights reserved.
  13:.\Generated_Source\PSoC4/ble_bless_isr.c **** * You may use this file only in accordance with the license, terms, conditions, 
  14:.\Generated_Source\PSoC4/ble_bless_isr.c **** * disclaimers, and limitations in the end user license agreement accompanying 
  15:.\Generated_Source\PSoC4/ble_bless_isr.c **** * the software package with which this file was provided.
  16:.\Generated_Source\PSoC4/ble_bless_isr.c **** *******************************************************************************/
  17:.\Generated_Source\PSoC4/ble_bless_isr.c **** 
  18:.\Generated_Source\PSoC4/ble_bless_isr.c **** 
  19:.\Generated_Source\PSoC4/ble_bless_isr.c **** #include <cydevice_trm.h>
  20:.\Generated_Source\PSoC4/ble_bless_isr.c **** #include <CyLib.h>
  21:.\Generated_Source\PSoC4/ble_bless_isr.c **** #include <BLE_bless_isr.h>
  22:.\Generated_Source\PSoC4/ble_bless_isr.c **** #include "cyapicallbacks.h"
  23:.\Generated_Source\PSoC4/ble_bless_isr.c **** 
  24:.\Generated_Source\PSoC4/ble_bless_isr.c **** #if !defined(BLE_bless_isr__REMOVED) /* Check for removal by optimization */
  25:.\Generated_Source\PSoC4/ble_bless_isr.c **** 
  26:.\Generated_Source\PSoC4/ble_bless_isr.c **** /*******************************************************************************
  27:.\Generated_Source\PSoC4/ble_bless_isr.c **** *  Place your includes, defines and code here 
  28:.\Generated_Source\PSoC4/ble_bless_isr.c **** ********************************************************************************/
  29:.\Generated_Source\PSoC4/ble_bless_isr.c **** /* `#START BLE_bless_isr_intc` */
  30:.\Generated_Source\PSoC4/ble_bless_isr.c **** 
  31:.\Generated_Source\PSoC4/ble_bless_isr.c **** /* `#END` */
  32:.\Generated_Source\PSoC4/ble_bless_isr.c **** 
ARM GAS  C:\Users\Alan\AppData\Local\Temp\ccJR3Eoz.s 			page 2


  33:.\Generated_Source\PSoC4/ble_bless_isr.c **** extern cyisraddress CyRamVectors[CYINT_IRQ_BASE + CY_NUM_INTERRUPTS];
  34:.\Generated_Source\PSoC4/ble_bless_isr.c **** 
  35:.\Generated_Source\PSoC4/ble_bless_isr.c **** /* Declared in startup, used to set unused interrupts to. */
  36:.\Generated_Source\PSoC4/ble_bless_isr.c **** CY_ISR_PROTO(IntDefaultHandler);
  37:.\Generated_Source\PSoC4/ble_bless_isr.c **** 
  38:.\Generated_Source\PSoC4/ble_bless_isr.c **** 
  39:.\Generated_Source\PSoC4/ble_bless_isr.c **** /*******************************************************************************
  40:.\Generated_Source\PSoC4/ble_bless_isr.c **** * Function Name: BLE_bless_isr_Start
  41:.\Generated_Source\PSoC4/ble_bless_isr.c **** ********************************************************************************
  42:.\Generated_Source\PSoC4/ble_bless_isr.c **** *
  43:.\Generated_Source\PSoC4/ble_bless_isr.c **** * Summary:
  44:.\Generated_Source\PSoC4/ble_bless_isr.c **** *  Set up the interrupt and enable it. This function disables the interrupt, 
  45:.\Generated_Source\PSoC4/ble_bless_isr.c **** *  sets the default interrupt vector, sets the priority from the value in the
  46:.\Generated_Source\PSoC4/ble_bless_isr.c **** *  Design Wide Resources Interrupt Editor, then enables the interrupt to the 
  47:.\Generated_Source\PSoC4/ble_bless_isr.c **** *  interrupt controller.
  48:.\Generated_Source\PSoC4/ble_bless_isr.c **** *
  49:.\Generated_Source\PSoC4/ble_bless_isr.c **** * Parameters:  
  50:.\Generated_Source\PSoC4/ble_bless_isr.c **** *   None
  51:.\Generated_Source\PSoC4/ble_bless_isr.c **** *
  52:.\Generated_Source\PSoC4/ble_bless_isr.c **** * Return:
  53:.\Generated_Source\PSoC4/ble_bless_isr.c **** *   None
  54:.\Generated_Source\PSoC4/ble_bless_isr.c **** *
  55:.\Generated_Source\PSoC4/ble_bless_isr.c **** *******************************************************************************/
  56:.\Generated_Source\PSoC4/ble_bless_isr.c **** void BLE_bless_isr_Start(void)
  57:.\Generated_Source\PSoC4/ble_bless_isr.c **** {
  58:.\Generated_Source\PSoC4/ble_bless_isr.c ****     /* For all we know the interrupt is active. */
  59:.\Generated_Source\PSoC4/ble_bless_isr.c ****     BLE_bless_isr_Disable();
  60:.\Generated_Source\PSoC4/ble_bless_isr.c **** 
  61:.\Generated_Source\PSoC4/ble_bless_isr.c ****     /* Set the ISR to point to the BLE_bless_isr Interrupt. */
  62:.\Generated_Source\PSoC4/ble_bless_isr.c ****     BLE_bless_isr_SetVector(&BLE_bless_isr_Interrupt);
  63:.\Generated_Source\PSoC4/ble_bless_isr.c **** 
  64:.\Generated_Source\PSoC4/ble_bless_isr.c ****     /* Set the priority. */
  65:.\Generated_Source\PSoC4/ble_bless_isr.c ****     BLE_bless_isr_SetPriority((uint8)BLE_bless_isr_INTC_PRIOR_NUMBER);
  66:.\Generated_Source\PSoC4/ble_bless_isr.c **** 
  67:.\Generated_Source\PSoC4/ble_bless_isr.c ****     /* Enable it. */
  68:.\Generated_Source\PSoC4/ble_bless_isr.c ****     BLE_bless_isr_Enable();
  69:.\Generated_Source\PSoC4/ble_bless_isr.c **** }
  70:.\Generated_Source\PSoC4/ble_bless_isr.c **** 
  71:.\Generated_Source\PSoC4/ble_bless_isr.c **** 
  72:.\Generated_Source\PSoC4/ble_bless_isr.c **** /*******************************************************************************
  73:.\Generated_Source\PSoC4/ble_bless_isr.c **** * Function Name: BLE_bless_isr_StartEx
  74:.\Generated_Source\PSoC4/ble_bless_isr.c **** ********************************************************************************
  75:.\Generated_Source\PSoC4/ble_bless_isr.c **** *
  76:.\Generated_Source\PSoC4/ble_bless_isr.c **** * Summary:
  77:.\Generated_Source\PSoC4/ble_bless_isr.c **** *  Sets up the interrupt and enables it. This function disables the interrupt,
  78:.\Generated_Source\PSoC4/ble_bless_isr.c **** *  sets the interrupt vector based on the address passed in, sets the priority 
  79:.\Generated_Source\PSoC4/ble_bless_isr.c **** *  from the value in the Design Wide Resources Interrupt Editor, then enables 
  80:.\Generated_Source\PSoC4/ble_bless_isr.c **** *  the interrupt to the interrupt controller.
  81:.\Generated_Source\PSoC4/ble_bless_isr.c **** *  
  82:.\Generated_Source\PSoC4/ble_bless_isr.c **** *  When defining ISR functions, the CY_ISR and CY_ISR_PROTO macros should be 
  83:.\Generated_Source\PSoC4/ble_bless_isr.c **** *  used to provide consistent definition across compilers:
  84:.\Generated_Source\PSoC4/ble_bless_isr.c **** *  
  85:.\Generated_Source\PSoC4/ble_bless_isr.c **** *  Function definition example:
  86:.\Generated_Source\PSoC4/ble_bless_isr.c **** *   CY_ISR(MyISR)
  87:.\Generated_Source\PSoC4/ble_bless_isr.c **** *   {
  88:.\Generated_Source\PSoC4/ble_bless_isr.c **** *   }
  89:.\Generated_Source\PSoC4/ble_bless_isr.c **** *   Function prototype example:
ARM GAS  C:\Users\Alan\AppData\Local\Temp\ccJR3Eoz.s 			page 3


  90:.\Generated_Source\PSoC4/ble_bless_isr.c **** *   CY_ISR_PROTO(MyISR);
  91:.\Generated_Source\PSoC4/ble_bless_isr.c **** *
  92:.\Generated_Source\PSoC4/ble_bless_isr.c **** * Parameters:  
  93:.\Generated_Source\PSoC4/ble_bless_isr.c **** *   address: Address of the ISR to set in the interrupt vector table.
  94:.\Generated_Source\PSoC4/ble_bless_isr.c **** *
  95:.\Generated_Source\PSoC4/ble_bless_isr.c **** * Return:
  96:.\Generated_Source\PSoC4/ble_bless_isr.c **** *   None
  97:.\Generated_Source\PSoC4/ble_bless_isr.c **** *
  98:.\Generated_Source\PSoC4/ble_bless_isr.c **** *******************************************************************************/
  99:.\Generated_Source\PSoC4/ble_bless_isr.c **** void BLE_bless_isr_StartEx(cyisraddress address)
 100:.\Generated_Source\PSoC4/ble_bless_isr.c **** {
 101:.\Generated_Source\PSoC4/ble_bless_isr.c ****     /* For all we know the interrupt is active. */
 102:.\Generated_Source\PSoC4/ble_bless_isr.c ****     BLE_bless_isr_Disable();
 103:.\Generated_Source\PSoC4/ble_bless_isr.c **** 
 104:.\Generated_Source\PSoC4/ble_bless_isr.c ****     /* Set the ISR to point to the BLE_bless_isr Interrupt. */
 105:.\Generated_Source\PSoC4/ble_bless_isr.c ****     BLE_bless_isr_SetVector(address);
 106:.\Generated_Source\PSoC4/ble_bless_isr.c **** 
 107:.\Generated_Source\PSoC4/ble_bless_isr.c ****     /* Set the priority. */
 108:.\Generated_Source\PSoC4/ble_bless_isr.c ****     BLE_bless_isr_SetPriority((uint8)BLE_bless_isr_INTC_PRIOR_NUMBER);
 109:.\Generated_Source\PSoC4/ble_bless_isr.c **** 
 110:.\Generated_Source\PSoC4/ble_bless_isr.c ****     /* Enable it. */
 111:.\Generated_Source\PSoC4/ble_bless_isr.c ****     BLE_bless_isr_Enable();
 112:.\Generated_Source\PSoC4/ble_bless_isr.c **** }
 113:.\Generated_Source\PSoC4/ble_bless_isr.c **** 
 114:.\Generated_Source\PSoC4/ble_bless_isr.c **** 
 115:.\Generated_Source\PSoC4/ble_bless_isr.c **** /*******************************************************************************
 116:.\Generated_Source\PSoC4/ble_bless_isr.c **** * Function Name: BLE_bless_isr_Stop
 117:.\Generated_Source\PSoC4/ble_bless_isr.c **** ********************************************************************************
 118:.\Generated_Source\PSoC4/ble_bless_isr.c **** *
 119:.\Generated_Source\PSoC4/ble_bless_isr.c **** * Summary:
 120:.\Generated_Source\PSoC4/ble_bless_isr.c **** *   Disables and removes the interrupt.
 121:.\Generated_Source\PSoC4/ble_bless_isr.c **** *
 122:.\Generated_Source\PSoC4/ble_bless_isr.c **** * Parameters:  
 123:.\Generated_Source\PSoC4/ble_bless_isr.c **** *   None
 124:.\Generated_Source\PSoC4/ble_bless_isr.c **** *
 125:.\Generated_Source\PSoC4/ble_bless_isr.c **** * Return:
 126:.\Generated_Source\PSoC4/ble_bless_isr.c **** *   None
 127:.\Generated_Source\PSoC4/ble_bless_isr.c **** *
 128:.\Generated_Source\PSoC4/ble_bless_isr.c **** *******************************************************************************/
 129:.\Generated_Source\PSoC4/ble_bless_isr.c **** void BLE_bless_isr_Stop(void)
 130:.\Generated_Source\PSoC4/ble_bless_isr.c **** {
 131:.\Generated_Source\PSoC4/ble_bless_isr.c ****     /* Disable this interrupt. */
 132:.\Generated_Source\PSoC4/ble_bless_isr.c ****     BLE_bless_isr_Disable();
 133:.\Generated_Source\PSoC4/ble_bless_isr.c **** 
 134:.\Generated_Source\PSoC4/ble_bless_isr.c ****     /* Set the ISR to point to the passive one. */
 135:.\Generated_Source\PSoC4/ble_bless_isr.c ****     BLE_bless_isr_SetVector(&IntDefaultHandler);
 136:.\Generated_Source\PSoC4/ble_bless_isr.c **** }
 137:.\Generated_Source\PSoC4/ble_bless_isr.c **** 
 138:.\Generated_Source\PSoC4/ble_bless_isr.c **** 
 139:.\Generated_Source\PSoC4/ble_bless_isr.c **** /*******************************************************************************
 140:.\Generated_Source\PSoC4/ble_bless_isr.c **** * Function Name: BLE_bless_isr_Interrupt
 141:.\Generated_Source\PSoC4/ble_bless_isr.c **** ********************************************************************************
 142:.\Generated_Source\PSoC4/ble_bless_isr.c **** *
 143:.\Generated_Source\PSoC4/ble_bless_isr.c **** * Summary:
 144:.\Generated_Source\PSoC4/ble_bless_isr.c **** *   The default Interrupt Service Routine for BLE_bless_isr.
 145:.\Generated_Source\PSoC4/ble_bless_isr.c **** *
 146:.\Generated_Source\PSoC4/ble_bless_isr.c **** *   Add custom code between the START and END comments to keep the next version
ARM GAS  C:\Users\Alan\AppData\Local\Temp\ccJR3Eoz.s 			page 4


 147:.\Generated_Source\PSoC4/ble_bless_isr.c **** *   of this file from over-writing your code.
 148:.\Generated_Source\PSoC4/ble_bless_isr.c **** *
 149:.\Generated_Source\PSoC4/ble_bless_isr.c **** *   Note You may use either the default ISR by using this API, or you may define
 150:.\Generated_Source\PSoC4/ble_bless_isr.c **** *   your own separate ISR through ISR_StartEx().
 151:.\Generated_Source\PSoC4/ble_bless_isr.c **** *
 152:.\Generated_Source\PSoC4/ble_bless_isr.c **** * Parameters:  
 153:.\Generated_Source\PSoC4/ble_bless_isr.c **** *   None
 154:.\Generated_Source\PSoC4/ble_bless_isr.c **** *
 155:.\Generated_Source\PSoC4/ble_bless_isr.c **** * Return:
 156:.\Generated_Source\PSoC4/ble_bless_isr.c **** *   None
 157:.\Generated_Source\PSoC4/ble_bless_isr.c **** *
 158:.\Generated_Source\PSoC4/ble_bless_isr.c **** *******************************************************************************/
 159:.\Generated_Source\PSoC4/ble_bless_isr.c **** CY_ISR(BLE_bless_isr_Interrupt)
 160:.\Generated_Source\PSoC4/ble_bless_isr.c **** {
  26              		.loc 1 160 0
  27              		.cfi_startproc
 161:.\Generated_Source\PSoC4/ble_bless_isr.c ****     #ifdef BLE_bless_isr_INTERRUPT_INTERRUPT_CALLBACK
 162:.\Generated_Source\PSoC4/ble_bless_isr.c ****         BLE_bless_isr_Interrupt_InterruptCallback();
 163:.\Generated_Source\PSoC4/ble_bless_isr.c ****     #endif /* BLE_bless_isr_INTERRUPT_INTERRUPT_CALLBACK */ 
 164:.\Generated_Source\PSoC4/ble_bless_isr.c **** 
 165:.\Generated_Source\PSoC4/ble_bless_isr.c ****     /*  Place your Interrupt code here. */
 166:.\Generated_Source\PSoC4/ble_bless_isr.c ****     /* `#START BLE_bless_isr_Interrupt` */
 167:.\Generated_Source\PSoC4/ble_bless_isr.c **** 
 168:.\Generated_Source\PSoC4/ble_bless_isr.c ****     /* `#END` */
 169:.\Generated_Source\PSoC4/ble_bless_isr.c **** }
  28              		.loc 1 169 0
  29              		@ sp needed
  30 0000 7047     		bx	lr
  31              		.cfi_endproc
  32              	.LFE5:
  33              		.size	BLE_bless_isr_Interrupt, .-BLE_bless_isr_Interrupt
  34 0002 C046     		.section	.text.BLE_bless_isr_SetVector,"ax",%progbits
  35              		.align	2
  36              		.global	BLE_bless_isr_SetVector
  37              		.code	16
  38              		.thumb_func
  39              		.type	BLE_bless_isr_SetVector, %function
  40              	BLE_bless_isr_SetVector:
  41              	.LFB6:
 170:.\Generated_Source\PSoC4/ble_bless_isr.c **** 
 171:.\Generated_Source\PSoC4/ble_bless_isr.c **** 
 172:.\Generated_Source\PSoC4/ble_bless_isr.c **** /*******************************************************************************
 173:.\Generated_Source\PSoC4/ble_bless_isr.c **** * Function Name: BLE_bless_isr_SetVector
 174:.\Generated_Source\PSoC4/ble_bless_isr.c **** ********************************************************************************
 175:.\Generated_Source\PSoC4/ble_bless_isr.c **** *
 176:.\Generated_Source\PSoC4/ble_bless_isr.c **** * Summary:
 177:.\Generated_Source\PSoC4/ble_bless_isr.c **** *   Change the ISR vector for the Interrupt. Note calling BLE_bless_isr_Start
 178:.\Generated_Source\PSoC4/ble_bless_isr.c **** *   will override any effect this method would have had. To set the vector 
 179:.\Generated_Source\PSoC4/ble_bless_isr.c **** *   before the component has been started use BLE_bless_isr_StartEx instead.
 180:.\Generated_Source\PSoC4/ble_bless_isr.c **** * 
 181:.\Generated_Source\PSoC4/ble_bless_isr.c **** *   When defining ISR functions, the CY_ISR and CY_ISR_PROTO macros should be 
 182:.\Generated_Source\PSoC4/ble_bless_isr.c **** *   used to provide consistent definition across compilers:
 183:.\Generated_Source\PSoC4/ble_bless_isr.c **** *
 184:.\Generated_Source\PSoC4/ble_bless_isr.c **** *   Function definition example:
 185:.\Generated_Source\PSoC4/ble_bless_isr.c **** *   CY_ISR(MyISR)
 186:.\Generated_Source\PSoC4/ble_bless_isr.c **** *   {
 187:.\Generated_Source\PSoC4/ble_bless_isr.c **** *   }
ARM GAS  C:\Users\Alan\AppData\Local\Temp\ccJR3Eoz.s 			page 5


 188:.\Generated_Source\PSoC4/ble_bless_isr.c **** *
 189:.\Generated_Source\PSoC4/ble_bless_isr.c **** *   Function prototype example:
 190:.\Generated_Source\PSoC4/ble_bless_isr.c **** *     CY_ISR_PROTO(MyISR);
 191:.\Generated_Source\PSoC4/ble_bless_isr.c **** *
 192:.\Generated_Source\PSoC4/ble_bless_isr.c **** * Parameters:
 193:.\Generated_Source\PSoC4/ble_bless_isr.c **** *   address: Address of the ISR to set in the interrupt vector table.
 194:.\Generated_Source\PSoC4/ble_bless_isr.c **** *
 195:.\Generated_Source\PSoC4/ble_bless_isr.c **** * Return:
 196:.\Generated_Source\PSoC4/ble_bless_isr.c **** *   None
 197:.\Generated_Source\PSoC4/ble_bless_isr.c **** *
 198:.\Generated_Source\PSoC4/ble_bless_isr.c **** *******************************************************************************/
 199:.\Generated_Source\PSoC4/ble_bless_isr.c **** void BLE_bless_isr_SetVector(cyisraddress address)
 200:.\Generated_Source\PSoC4/ble_bless_isr.c **** {
  42              		.loc 1 200 0
  43              		.cfi_startproc
  44              	.LVL0:
 201:.\Generated_Source\PSoC4/ble_bless_isr.c ****     CyRamVectors[CYINT_IRQ_BASE + BLE_bless_isr__INTC_NUMBER] = address;
  45              		.loc 1 201 0
  46 0000 014B     		ldr	r3, .L3
  47 0002 1867     		str	r0, [r3, #112]
 202:.\Generated_Source\PSoC4/ble_bless_isr.c **** }
  48              		.loc 1 202 0
  49              		@ sp needed
  50 0004 7047     		bx	lr
  51              	.L4:
  52 0006 C046     		.align	2
  53              	.L3:
  54 0008 00000000 		.word	CyRamVectors
  55              		.cfi_endproc
  56              	.LFE6:
  57              		.size	BLE_bless_isr_SetVector, .-BLE_bless_isr_SetVector
  58              		.section	.text.BLE_bless_isr_GetVector,"ax",%progbits
  59              		.align	2
  60              		.global	BLE_bless_isr_GetVector
  61              		.code	16
  62              		.thumb_func
  63              		.type	BLE_bless_isr_GetVector, %function
  64              	BLE_bless_isr_GetVector:
  65              	.LFB7:
 203:.\Generated_Source\PSoC4/ble_bless_isr.c **** 
 204:.\Generated_Source\PSoC4/ble_bless_isr.c **** 
 205:.\Generated_Source\PSoC4/ble_bless_isr.c **** /*******************************************************************************
 206:.\Generated_Source\PSoC4/ble_bless_isr.c **** * Function Name: BLE_bless_isr_GetVector
 207:.\Generated_Source\PSoC4/ble_bless_isr.c **** ********************************************************************************
 208:.\Generated_Source\PSoC4/ble_bless_isr.c **** *
 209:.\Generated_Source\PSoC4/ble_bless_isr.c **** * Summary:
 210:.\Generated_Source\PSoC4/ble_bless_isr.c **** *   Gets the "address" of the current ISR vector for the Interrupt.
 211:.\Generated_Source\PSoC4/ble_bless_isr.c **** *
 212:.\Generated_Source\PSoC4/ble_bless_isr.c **** * Parameters:
 213:.\Generated_Source\PSoC4/ble_bless_isr.c **** *   None
 214:.\Generated_Source\PSoC4/ble_bless_isr.c **** *
 215:.\Generated_Source\PSoC4/ble_bless_isr.c **** * Return:
 216:.\Generated_Source\PSoC4/ble_bless_isr.c **** *   Address of the ISR in the interrupt vector table.
 217:.\Generated_Source\PSoC4/ble_bless_isr.c **** *
 218:.\Generated_Source\PSoC4/ble_bless_isr.c **** *******************************************************************************/
 219:.\Generated_Source\PSoC4/ble_bless_isr.c **** cyisraddress BLE_bless_isr_GetVector(void)
 220:.\Generated_Source\PSoC4/ble_bless_isr.c **** {
ARM GAS  C:\Users\Alan\AppData\Local\Temp\ccJR3Eoz.s 			page 6


  66              		.loc 1 220 0
  67              		.cfi_startproc
 221:.\Generated_Source\PSoC4/ble_bless_isr.c ****     return CyRamVectors[CYINT_IRQ_BASE + BLE_bless_isr__INTC_NUMBER];
  68              		.loc 1 221 0
  69 0000 014B     		ldr	r3, .L6
  70 0002 186F     		ldr	r0, [r3, #112]
 222:.\Generated_Source\PSoC4/ble_bless_isr.c **** }
  71              		.loc 1 222 0
  72              		@ sp needed
  73 0004 7047     		bx	lr
  74              	.L7:
  75 0006 C046     		.align	2
  76              	.L6:
  77 0008 00000000 		.word	CyRamVectors
  78              		.cfi_endproc
  79              	.LFE7:
  80              		.size	BLE_bless_isr_GetVector, .-BLE_bless_isr_GetVector
  81              		.section	.text.BLE_bless_isr_SetPriority,"ax",%progbits
  82              		.align	2
  83              		.global	BLE_bless_isr_SetPriority
  84              		.code	16
  85              		.thumb_func
  86              		.type	BLE_bless_isr_SetPriority, %function
  87              	BLE_bless_isr_SetPriority:
  88              	.LFB8:
 223:.\Generated_Source\PSoC4/ble_bless_isr.c **** 
 224:.\Generated_Source\PSoC4/ble_bless_isr.c **** 
 225:.\Generated_Source\PSoC4/ble_bless_isr.c **** /*******************************************************************************
 226:.\Generated_Source\PSoC4/ble_bless_isr.c **** * Function Name: BLE_bless_isr_SetPriority
 227:.\Generated_Source\PSoC4/ble_bless_isr.c **** ********************************************************************************
 228:.\Generated_Source\PSoC4/ble_bless_isr.c **** *
 229:.\Generated_Source\PSoC4/ble_bless_isr.c **** * Summary:
 230:.\Generated_Source\PSoC4/ble_bless_isr.c **** *   Sets the Priority of the Interrupt. 
 231:.\Generated_Source\PSoC4/ble_bless_isr.c **** *
 232:.\Generated_Source\PSoC4/ble_bless_isr.c **** *   Note calling BLE_bless_isr_Start or BLE_bless_isr_StartEx will 
 233:.\Generated_Source\PSoC4/ble_bless_isr.c **** *   override any effect this API would have had. This API should only be called
 234:.\Generated_Source\PSoC4/ble_bless_isr.c **** *   after BLE_bless_isr_Start or BLE_bless_isr_StartEx has been called. 
 235:.\Generated_Source\PSoC4/ble_bless_isr.c **** *   To set the initial priority for the component, use the Design-Wide Resources
 236:.\Generated_Source\PSoC4/ble_bless_isr.c **** *   Interrupt Editor.
 237:.\Generated_Source\PSoC4/ble_bless_isr.c **** *
 238:.\Generated_Source\PSoC4/ble_bless_isr.c **** *   Note This API has no effect on Non-maskable interrupt NMI).
 239:.\Generated_Source\PSoC4/ble_bless_isr.c **** *
 240:.\Generated_Source\PSoC4/ble_bless_isr.c **** * Parameters:
 241:.\Generated_Source\PSoC4/ble_bless_isr.c **** *   priority: Priority of the interrupt, 0 being the highest priority
 242:.\Generated_Source\PSoC4/ble_bless_isr.c **** *             PSoC 3 and PSoC 5LP: Priority is from 0 to 7.
 243:.\Generated_Source\PSoC4/ble_bless_isr.c **** *             PSoC 4: Priority is from 0 to 3.
 244:.\Generated_Source\PSoC4/ble_bless_isr.c **** *
 245:.\Generated_Source\PSoC4/ble_bless_isr.c **** * Return:
 246:.\Generated_Source\PSoC4/ble_bless_isr.c **** *   None
 247:.\Generated_Source\PSoC4/ble_bless_isr.c **** *
 248:.\Generated_Source\PSoC4/ble_bless_isr.c **** *******************************************************************************/
 249:.\Generated_Source\PSoC4/ble_bless_isr.c **** void BLE_bless_isr_SetPriority(uint8 priority)
 250:.\Generated_Source\PSoC4/ble_bless_isr.c **** {
  89              		.loc 1 250 0
  90              		.cfi_startproc
  91              	.LVL1:
  92 0000 10B5     		push	{r4, lr}
ARM GAS  C:\Users\Alan\AppData\Local\Temp\ccJR3Eoz.s 			page 7


  93              		.cfi_def_cfa_offset 8
  94              		.cfi_offset 4, -8
  95              		.cfi_offset 14, -4
  96 0002 041C     		mov	r4, r0
  97              	.LVL2:
 251:.\Generated_Source\PSoC4/ble_bless_isr.c **** 	uint8 interruptState;
 252:.\Generated_Source\PSoC4/ble_bless_isr.c ****     uint32 priorityOffset = ((BLE_bless_isr__INTC_NUMBER % 4u) * 8u) + 6u;
 253:.\Generated_Source\PSoC4/ble_bless_isr.c ****     
 254:.\Generated_Source\PSoC4/ble_bless_isr.c **** 	interruptState = CyEnterCriticalSection();
  98              		.loc 1 254 0
  99 0004 FFF7FEFF 		bl	CyEnterCriticalSection
 100              	.LVL3:
 255:.\Generated_Source\PSoC4/ble_bless_isr.c ****     *BLE_bless_isr_INTC_PRIOR = (*BLE_bless_isr_INTC_PRIOR & (uint32)(~BLE_bless_isr__INTC_PRIOR_MA
 101              		.loc 1 255 0
 102 0008 044A     		ldr	r2, .L9
 103 000a 1368     		ldr	r3, [r2]
 104 000c C021     		mov	r1, #192
 105 000e 8B43     		bic	r3, r1
 256:.\Generated_Source\PSoC4/ble_bless_isr.c ****                                     ((uint32)priority << priorityOffset);
 106              		.loc 1 256 0
 107 0010 A401     		lsl	r4, r4, #6
 255:.\Generated_Source\PSoC4/ble_bless_isr.c ****     *BLE_bless_isr_INTC_PRIOR = (*BLE_bless_isr_INTC_PRIOR & (uint32)(~BLE_bless_isr__INTC_PRIOR_MA
 108              		.loc 1 255 0
 109 0012 1C43     		orr	r4, r3
 110 0014 1460     		str	r4, [r2]
 257:.\Generated_Source\PSoC4/ble_bless_isr.c **** 	CyExitCriticalSection(interruptState);
 111              		.loc 1 257 0
 112 0016 FFF7FEFF 		bl	CyExitCriticalSection
 113              	.LVL4:
 258:.\Generated_Source\PSoC4/ble_bless_isr.c **** }
 114              		.loc 1 258 0
 115              		@ sp needed
 116 001a 10BD     		pop	{r4, pc}
 117              	.L10:
 118              		.align	2
 119              	.L9:
 120 001c 0CE400E0 		.word	-536812532
 121              		.cfi_endproc
 122              	.LFE8:
 123              		.size	BLE_bless_isr_SetPriority, .-BLE_bless_isr_SetPriority
 124              		.section	.text.BLE_bless_isr_GetPriority,"ax",%progbits
 125              		.align	2
 126              		.global	BLE_bless_isr_GetPriority
 127              		.code	16
 128              		.thumb_func
 129              		.type	BLE_bless_isr_GetPriority, %function
 130              	BLE_bless_isr_GetPriority:
 131              	.LFB9:
 259:.\Generated_Source\PSoC4/ble_bless_isr.c **** 
 260:.\Generated_Source\PSoC4/ble_bless_isr.c **** 
 261:.\Generated_Source\PSoC4/ble_bless_isr.c **** /*******************************************************************************
 262:.\Generated_Source\PSoC4/ble_bless_isr.c **** * Function Name: BLE_bless_isr_GetPriority
 263:.\Generated_Source\PSoC4/ble_bless_isr.c **** ********************************************************************************
 264:.\Generated_Source\PSoC4/ble_bless_isr.c **** *
 265:.\Generated_Source\PSoC4/ble_bless_isr.c **** * Summary:
 266:.\Generated_Source\PSoC4/ble_bless_isr.c **** *   Gets the Priority of the Interrupt.
 267:.\Generated_Source\PSoC4/ble_bless_isr.c **** *
ARM GAS  C:\Users\Alan\AppData\Local\Temp\ccJR3Eoz.s 			page 8


 268:.\Generated_Source\PSoC4/ble_bless_isr.c **** * Parameters:
 269:.\Generated_Source\PSoC4/ble_bless_isr.c **** *   None
 270:.\Generated_Source\PSoC4/ble_bless_isr.c **** *
 271:.\Generated_Source\PSoC4/ble_bless_isr.c **** * Return:
 272:.\Generated_Source\PSoC4/ble_bless_isr.c **** *   Priority of the interrupt, 0 being the highest priority
 273:.\Generated_Source\PSoC4/ble_bless_isr.c **** *    PSoC 3 and PSoC 5LP: Priority is from 0 to 7.
 274:.\Generated_Source\PSoC4/ble_bless_isr.c **** *    PSoC 4: Priority is from 0 to 3.
 275:.\Generated_Source\PSoC4/ble_bless_isr.c **** *
 276:.\Generated_Source\PSoC4/ble_bless_isr.c **** *******************************************************************************/
 277:.\Generated_Source\PSoC4/ble_bless_isr.c **** uint8 BLE_bless_isr_GetPriority(void)
 278:.\Generated_Source\PSoC4/ble_bless_isr.c **** {
 132              		.loc 1 278 0
 133              		.cfi_startproc
 134              	.LVL5:
 279:.\Generated_Source\PSoC4/ble_bless_isr.c ****     uint32 priority;
 280:.\Generated_Source\PSoC4/ble_bless_isr.c **** 	uint32 priorityOffset = ((BLE_bless_isr__INTC_NUMBER % 4u) * 8u) + 6u;
 281:.\Generated_Source\PSoC4/ble_bless_isr.c **** 
 282:.\Generated_Source\PSoC4/ble_bless_isr.c ****     priority = (*BLE_bless_isr_INTC_PRIOR & BLE_bless_isr__INTC_PRIOR_MASK) >> priorityOffset;
 135              		.loc 1 282 0
 136 0000 024B     		ldr	r3, .L12
 137 0002 1868     		ldr	r0, [r3]
 138 0004 0006     		lsl	r0, r0, #24
 139              	.LVL6:
 283:.\Generated_Source\PSoC4/ble_bless_isr.c **** 
 284:.\Generated_Source\PSoC4/ble_bless_isr.c ****     return (uint8)priority;
 140              		.loc 1 284 0
 141 0006 800F     		lsr	r0, r0, #30
 142              	.LVL7:
 285:.\Generated_Source\PSoC4/ble_bless_isr.c **** }
 143              		.loc 1 285 0
 144              		@ sp needed
 145 0008 7047     		bx	lr
 146              	.L13:
 147 000a C046     		.align	2
 148              	.L12:
 149 000c 0CE400E0 		.word	-536812532
 150              		.cfi_endproc
 151              	.LFE9:
 152              		.size	BLE_bless_isr_GetPriority, .-BLE_bless_isr_GetPriority
 153              		.section	.text.BLE_bless_isr_Enable,"ax",%progbits
 154              		.align	2
 155              		.global	BLE_bless_isr_Enable
 156              		.code	16
 157              		.thumb_func
 158              		.type	BLE_bless_isr_Enable, %function
 159              	BLE_bless_isr_Enable:
 160              	.LFB10:
 286:.\Generated_Source\PSoC4/ble_bless_isr.c **** 
 287:.\Generated_Source\PSoC4/ble_bless_isr.c **** 
 288:.\Generated_Source\PSoC4/ble_bless_isr.c **** /*******************************************************************************
 289:.\Generated_Source\PSoC4/ble_bless_isr.c **** * Function Name: BLE_bless_isr_Enable
 290:.\Generated_Source\PSoC4/ble_bless_isr.c **** ********************************************************************************
 291:.\Generated_Source\PSoC4/ble_bless_isr.c **** *
 292:.\Generated_Source\PSoC4/ble_bless_isr.c **** * Summary:
 293:.\Generated_Source\PSoC4/ble_bless_isr.c **** *   Enables the interrupt to the interrupt controller. Do not call this function
 294:.\Generated_Source\PSoC4/ble_bless_isr.c **** *   unless ISR_Start() has been called or the functionality of the ISR_Start() 
 295:.\Generated_Source\PSoC4/ble_bless_isr.c **** *   function, which sets the vector and the priority, has been called.
ARM GAS  C:\Users\Alan\AppData\Local\Temp\ccJR3Eoz.s 			page 9


 296:.\Generated_Source\PSoC4/ble_bless_isr.c **** *
 297:.\Generated_Source\PSoC4/ble_bless_isr.c **** * Parameters:
 298:.\Generated_Source\PSoC4/ble_bless_isr.c **** *   None
 299:.\Generated_Source\PSoC4/ble_bless_isr.c **** *
 300:.\Generated_Source\PSoC4/ble_bless_isr.c **** * Return:
 301:.\Generated_Source\PSoC4/ble_bless_isr.c **** *   None
 302:.\Generated_Source\PSoC4/ble_bless_isr.c **** *
 303:.\Generated_Source\PSoC4/ble_bless_isr.c **** *******************************************************************************/
 304:.\Generated_Source\PSoC4/ble_bless_isr.c **** void BLE_bless_isr_Enable(void)
 305:.\Generated_Source\PSoC4/ble_bless_isr.c **** {
 161              		.loc 1 305 0
 162              		.cfi_startproc
 306:.\Generated_Source\PSoC4/ble_bless_isr.c ****     /* Enable the general interrupt. */
 307:.\Generated_Source\PSoC4/ble_bless_isr.c ****     *BLE_bless_isr_INTC_SET_EN = BLE_bless_isr__INTC_MASK;
 163              		.loc 1 307 0
 164 0000 8022     		mov	r2, #128
 165 0002 5201     		lsl	r2, r2, #5
 166 0004 014B     		ldr	r3, .L15
 167 0006 1A60     		str	r2, [r3]
 308:.\Generated_Source\PSoC4/ble_bless_isr.c **** }
 168              		.loc 1 308 0
 169              		@ sp needed
 170 0008 7047     		bx	lr
 171              	.L16:
 172 000a C046     		.align	2
 173              	.L15:
 174 000c 00E100E0 		.word	-536813312
 175              		.cfi_endproc
 176              	.LFE10:
 177              		.size	BLE_bless_isr_Enable, .-BLE_bless_isr_Enable
 178              		.section	.text.BLE_bless_isr_GetState,"ax",%progbits
 179              		.align	2
 180              		.global	BLE_bless_isr_GetState
 181              		.code	16
 182              		.thumb_func
 183              		.type	BLE_bless_isr_GetState, %function
 184              	BLE_bless_isr_GetState:
 185              	.LFB11:
 309:.\Generated_Source\PSoC4/ble_bless_isr.c **** 
 310:.\Generated_Source\PSoC4/ble_bless_isr.c **** 
 311:.\Generated_Source\PSoC4/ble_bless_isr.c **** /*******************************************************************************
 312:.\Generated_Source\PSoC4/ble_bless_isr.c **** * Function Name: BLE_bless_isr_GetState
 313:.\Generated_Source\PSoC4/ble_bless_isr.c **** ********************************************************************************
 314:.\Generated_Source\PSoC4/ble_bless_isr.c **** *
 315:.\Generated_Source\PSoC4/ble_bless_isr.c **** * Summary:
 316:.\Generated_Source\PSoC4/ble_bless_isr.c **** *   Gets the state (enabled, disabled) of the Interrupt.
 317:.\Generated_Source\PSoC4/ble_bless_isr.c **** *
 318:.\Generated_Source\PSoC4/ble_bless_isr.c **** * Parameters:
 319:.\Generated_Source\PSoC4/ble_bless_isr.c **** *   None
 320:.\Generated_Source\PSoC4/ble_bless_isr.c **** *
 321:.\Generated_Source\PSoC4/ble_bless_isr.c **** * Return:
 322:.\Generated_Source\PSoC4/ble_bless_isr.c **** *   1 if enabled, 0 if disabled.
 323:.\Generated_Source\PSoC4/ble_bless_isr.c **** *
 324:.\Generated_Source\PSoC4/ble_bless_isr.c **** *******************************************************************************/
 325:.\Generated_Source\PSoC4/ble_bless_isr.c **** uint8 BLE_bless_isr_GetState(void)
 326:.\Generated_Source\PSoC4/ble_bless_isr.c **** {
 186              		.loc 1 326 0
ARM GAS  C:\Users\Alan\AppData\Local\Temp\ccJR3Eoz.s 			page 10


 187              		.cfi_startproc
 327:.\Generated_Source\PSoC4/ble_bless_isr.c ****     /* Get the state of the general interrupt. */
 328:.\Generated_Source\PSoC4/ble_bless_isr.c ****     return ((*BLE_bless_isr_INTC_SET_EN & (uint32)BLE_bless_isr__INTC_MASK) != 0u) ? 1u:0u;
 188              		.loc 1 328 0
 189 0000 034B     		ldr	r3, .L20
 190 0002 1B68     		ldr	r3, [r3]
 191 0004 DB04     		lsl	r3, r3, #19
 192 0006 01D5     		bpl	.L19
 193 0008 0120     		mov	r0, #1
 194 000a 00E0     		b	.L18
 195              	.L19:
 196 000c 0020     		mov	r0, #0
 197              	.L18:
 329:.\Generated_Source\PSoC4/ble_bless_isr.c **** }
 198              		.loc 1 329 0 discriminator 4
 199              		@ sp needed
 200 000e 7047     		bx	lr
 201              	.L21:
 202              		.align	2
 203              	.L20:
 204 0010 00E100E0 		.word	-536813312
 205              		.cfi_endproc
 206              	.LFE11:
 207              		.size	BLE_bless_isr_GetState, .-BLE_bless_isr_GetState
 208              		.section	.text.BLE_bless_isr_Disable,"ax",%progbits
 209              		.align	2
 210              		.global	BLE_bless_isr_Disable
 211              		.code	16
 212              		.thumb_func
 213              		.type	BLE_bless_isr_Disable, %function
 214              	BLE_bless_isr_Disable:
 215              	.LFB12:
 330:.\Generated_Source\PSoC4/ble_bless_isr.c **** 
 331:.\Generated_Source\PSoC4/ble_bless_isr.c **** 
 332:.\Generated_Source\PSoC4/ble_bless_isr.c **** /*******************************************************************************
 333:.\Generated_Source\PSoC4/ble_bless_isr.c **** * Function Name: BLE_bless_isr_Disable
 334:.\Generated_Source\PSoC4/ble_bless_isr.c **** ********************************************************************************
 335:.\Generated_Source\PSoC4/ble_bless_isr.c **** *
 336:.\Generated_Source\PSoC4/ble_bless_isr.c **** * Summary:
 337:.\Generated_Source\PSoC4/ble_bless_isr.c **** *   Disables the Interrupt in the interrupt controller.
 338:.\Generated_Source\PSoC4/ble_bless_isr.c **** *
 339:.\Generated_Source\PSoC4/ble_bless_isr.c **** * Parameters:
 340:.\Generated_Source\PSoC4/ble_bless_isr.c **** *   None
 341:.\Generated_Source\PSoC4/ble_bless_isr.c **** *
 342:.\Generated_Source\PSoC4/ble_bless_isr.c **** * Return:
 343:.\Generated_Source\PSoC4/ble_bless_isr.c **** *   None
 344:.\Generated_Source\PSoC4/ble_bless_isr.c **** *
 345:.\Generated_Source\PSoC4/ble_bless_isr.c **** *******************************************************************************/
 346:.\Generated_Source\PSoC4/ble_bless_isr.c **** void BLE_bless_isr_Disable(void)
 347:.\Generated_Source\PSoC4/ble_bless_isr.c **** {
 216              		.loc 1 347 0
 217              		.cfi_startproc
 348:.\Generated_Source\PSoC4/ble_bless_isr.c ****     /* Disable the general interrupt. */
 349:.\Generated_Source\PSoC4/ble_bless_isr.c ****     *BLE_bless_isr_INTC_CLR_EN = BLE_bless_isr__INTC_MASK;
 218              		.loc 1 349 0
 219 0000 8022     		mov	r2, #128
 220 0002 5201     		lsl	r2, r2, #5
ARM GAS  C:\Users\Alan\AppData\Local\Temp\ccJR3Eoz.s 			page 11


 221 0004 014B     		ldr	r3, .L23
 222 0006 1A60     		str	r2, [r3]
 350:.\Generated_Source\PSoC4/ble_bless_isr.c **** }
 223              		.loc 1 350 0
 224              		@ sp needed
 225 0008 7047     		bx	lr
 226              	.L24:
 227 000a C046     		.align	2
 228              	.L23:
 229 000c 80E100E0 		.word	-536813184
 230              		.cfi_endproc
 231              	.LFE12:
 232              		.size	BLE_bless_isr_Disable, .-BLE_bless_isr_Disable
 233              		.section	.text.BLE_bless_isr_Start,"ax",%progbits
 234              		.align	2
 235              		.global	BLE_bless_isr_Start
 236              		.code	16
 237              		.thumb_func
 238              		.type	BLE_bless_isr_Start, %function
 239              	BLE_bless_isr_Start:
 240              	.LFB2:
  57:.\Generated_Source\PSoC4/ble_bless_isr.c ****     /* For all we know the interrupt is active. */
 241              		.loc 1 57 0
 242              		.cfi_startproc
 243 0000 08B5     		push	{r3, lr}
 244              		.cfi_def_cfa_offset 8
 245              		.cfi_offset 3, -8
 246              		.cfi_offset 14, -4
  59:.\Generated_Source\PSoC4/ble_bless_isr.c **** 
 247              		.loc 1 59 0
 248 0002 FFF7FEFF 		bl	BLE_bless_isr_Disable
 249              	.LVL8:
  62:.\Generated_Source\PSoC4/ble_bless_isr.c **** 
 250              		.loc 1 62 0
 251 0006 0448     		ldr	r0, .L26
 252 0008 FFF7FEFF 		bl	BLE_bless_isr_SetVector
 253              	.LVL9:
  65:.\Generated_Source\PSoC4/ble_bless_isr.c **** 
 254              		.loc 1 65 0
 255 000c 0320     		mov	r0, #3
 256 000e FFF7FEFF 		bl	BLE_bless_isr_SetPriority
 257              	.LVL10:
  68:.\Generated_Source\PSoC4/ble_bless_isr.c **** }
 258              		.loc 1 68 0
 259 0012 FFF7FEFF 		bl	BLE_bless_isr_Enable
 260              	.LVL11:
  69:.\Generated_Source\PSoC4/ble_bless_isr.c **** 
 261              		.loc 1 69 0
 262              		@ sp needed
 263 0016 08BD     		pop	{r3, pc}
 264              	.L27:
 265              		.align	2
 266              	.L26:
 267 0018 00000000 		.word	BLE_bless_isr_Interrupt
 268              		.cfi_endproc
 269              	.LFE2:
 270              		.size	BLE_bless_isr_Start, .-BLE_bless_isr_Start
ARM GAS  C:\Users\Alan\AppData\Local\Temp\ccJR3Eoz.s 			page 12


 271              		.section	.text.BLE_bless_isr_StartEx,"ax",%progbits
 272              		.align	2
 273              		.global	BLE_bless_isr_StartEx
 274              		.code	16
 275              		.thumb_func
 276              		.type	BLE_bless_isr_StartEx, %function
 277              	BLE_bless_isr_StartEx:
 278              	.LFB3:
 100:.\Generated_Source\PSoC4/ble_bless_isr.c ****     /* For all we know the interrupt is active. */
 279              		.loc 1 100 0
 280              		.cfi_startproc
 281              	.LVL12:
 282 0000 10B5     		push	{r4, lr}
 283              		.cfi_def_cfa_offset 8
 284              		.cfi_offset 4, -8
 285              		.cfi_offset 14, -4
 286 0002 041C     		mov	r4, r0
 102:.\Generated_Source\PSoC4/ble_bless_isr.c **** 
 287              		.loc 1 102 0
 288 0004 FFF7FEFF 		bl	BLE_bless_isr_Disable
 289              	.LVL13:
 105:.\Generated_Source\PSoC4/ble_bless_isr.c **** 
 290              		.loc 1 105 0
 291 0008 201C     		mov	r0, r4
 292 000a FFF7FEFF 		bl	BLE_bless_isr_SetVector
 293              	.LVL14:
 108:.\Generated_Source\PSoC4/ble_bless_isr.c **** 
 294              		.loc 1 108 0
 295 000e 0320     		mov	r0, #3
 296 0010 FFF7FEFF 		bl	BLE_bless_isr_SetPriority
 297              	.LVL15:
 111:.\Generated_Source\PSoC4/ble_bless_isr.c **** }
 298              		.loc 1 111 0
 299 0014 FFF7FEFF 		bl	BLE_bless_isr_Enable
 300              	.LVL16:
 112:.\Generated_Source\PSoC4/ble_bless_isr.c **** 
 301              		.loc 1 112 0
 302              		@ sp needed
 303              	.LVL17:
 304 0018 10BD     		pop	{r4, pc}
 305              		.cfi_endproc
 306              	.LFE3:
 307              		.size	BLE_bless_isr_StartEx, .-BLE_bless_isr_StartEx
 308 001a C046     		.section	.text.BLE_bless_isr_Stop,"ax",%progbits
 309              		.align	2
 310              		.global	BLE_bless_isr_Stop
 311              		.code	16
 312              		.thumb_func
 313              		.type	BLE_bless_isr_Stop, %function
 314              	BLE_bless_isr_Stop:
 315              	.LFB4:
 130:.\Generated_Source\PSoC4/ble_bless_isr.c ****     /* Disable this interrupt. */
 316              		.loc 1 130 0
 317              		.cfi_startproc
 318 0000 08B5     		push	{r3, lr}
 319              		.cfi_def_cfa_offset 8
 320              		.cfi_offset 3, -8
ARM GAS  C:\Users\Alan\AppData\Local\Temp\ccJR3Eoz.s 			page 13


 321              		.cfi_offset 14, -4
 132:.\Generated_Source\PSoC4/ble_bless_isr.c **** 
 322              		.loc 1 132 0
 323 0002 FFF7FEFF 		bl	BLE_bless_isr_Disable
 324              	.LVL18:
 135:.\Generated_Source\PSoC4/ble_bless_isr.c **** }
 325              		.loc 1 135 0
 326 0006 0248     		ldr	r0, .L30
 327 0008 FFF7FEFF 		bl	BLE_bless_isr_SetVector
 328              	.LVL19:
 136:.\Generated_Source\PSoC4/ble_bless_isr.c **** 
 329              		.loc 1 136 0
 330              		@ sp needed
 331 000c 08BD     		pop	{r3, pc}
 332              	.L31:
 333 000e C046     		.align	2
 334              	.L30:
 335 0010 00000000 		.word	IntDefaultHandler
 336              		.cfi_endproc
 337              	.LFE4:
 338              		.size	BLE_bless_isr_Stop, .-BLE_bless_isr_Stop
 339              		.section	.text.BLE_bless_isr_SetPending,"ax",%progbits
 340              		.align	2
 341              		.global	BLE_bless_isr_SetPending
 342              		.code	16
 343              		.thumb_func
 344              		.type	BLE_bless_isr_SetPending, %function
 345              	BLE_bless_isr_SetPending:
 346              	.LFB13:
 351:.\Generated_Source\PSoC4/ble_bless_isr.c **** 
 352:.\Generated_Source\PSoC4/ble_bless_isr.c **** 
 353:.\Generated_Source\PSoC4/ble_bless_isr.c **** /*******************************************************************************
 354:.\Generated_Source\PSoC4/ble_bless_isr.c **** * Function Name: BLE_bless_isr_SetPending
 355:.\Generated_Source\PSoC4/ble_bless_isr.c **** ********************************************************************************
 356:.\Generated_Source\PSoC4/ble_bless_isr.c **** *
 357:.\Generated_Source\PSoC4/ble_bless_isr.c **** * Summary:
 358:.\Generated_Source\PSoC4/ble_bless_isr.c **** *   Causes the Interrupt to enter the pending state, a software method of
 359:.\Generated_Source\PSoC4/ble_bless_isr.c **** *   generating the interrupt.
 360:.\Generated_Source\PSoC4/ble_bless_isr.c **** *
 361:.\Generated_Source\PSoC4/ble_bless_isr.c **** * Parameters:
 362:.\Generated_Source\PSoC4/ble_bless_isr.c **** *   None
 363:.\Generated_Source\PSoC4/ble_bless_isr.c **** *
 364:.\Generated_Source\PSoC4/ble_bless_isr.c **** * Return:
 365:.\Generated_Source\PSoC4/ble_bless_isr.c **** *   None
 366:.\Generated_Source\PSoC4/ble_bless_isr.c **** *
 367:.\Generated_Source\PSoC4/ble_bless_isr.c **** * Side Effects:
 368:.\Generated_Source\PSoC4/ble_bless_isr.c **** *   If interrupts are enabled and the interrupt is set up properly, the ISR is
 369:.\Generated_Source\PSoC4/ble_bless_isr.c **** *   entered (depending on the priority of this interrupt and other pending 
 370:.\Generated_Source\PSoC4/ble_bless_isr.c **** *   interrupts).
 371:.\Generated_Source\PSoC4/ble_bless_isr.c **** *
 372:.\Generated_Source\PSoC4/ble_bless_isr.c **** *******************************************************************************/
 373:.\Generated_Source\PSoC4/ble_bless_isr.c **** void BLE_bless_isr_SetPending(void)
 374:.\Generated_Source\PSoC4/ble_bless_isr.c **** {
 347              		.loc 1 374 0
 348              		.cfi_startproc
 375:.\Generated_Source\PSoC4/ble_bless_isr.c ****     *BLE_bless_isr_INTC_SET_PD = BLE_bless_isr__INTC_MASK;
 349              		.loc 1 375 0
ARM GAS  C:\Users\Alan\AppData\Local\Temp\ccJR3Eoz.s 			page 14


 350 0000 8022     		mov	r2, #128
 351 0002 5201     		lsl	r2, r2, #5
 352 0004 014B     		ldr	r3, .L33
 353 0006 1A60     		str	r2, [r3]
 376:.\Generated_Source\PSoC4/ble_bless_isr.c **** }
 354              		.loc 1 376 0
 355              		@ sp needed
 356 0008 7047     		bx	lr
 357              	.L34:
 358 000a C046     		.align	2
 359              	.L33:
 360 000c 00E200E0 		.word	-536813056
 361              		.cfi_endproc
 362              	.LFE13:
 363              		.size	BLE_bless_isr_SetPending, .-BLE_bless_isr_SetPending
 364              		.section	.text.BLE_bless_isr_ClearPending,"ax",%progbits
 365              		.align	2
 366              		.global	BLE_bless_isr_ClearPending
 367              		.code	16
 368              		.thumb_func
 369              		.type	BLE_bless_isr_ClearPending, %function
 370              	BLE_bless_isr_ClearPending:
 371              	.LFB14:
 377:.\Generated_Source\PSoC4/ble_bless_isr.c **** 
 378:.\Generated_Source\PSoC4/ble_bless_isr.c **** 
 379:.\Generated_Source\PSoC4/ble_bless_isr.c **** /*******************************************************************************
 380:.\Generated_Source\PSoC4/ble_bless_isr.c **** * Function Name: BLE_bless_isr_ClearPending
 381:.\Generated_Source\PSoC4/ble_bless_isr.c **** ********************************************************************************
 382:.\Generated_Source\PSoC4/ble_bless_isr.c **** *
 383:.\Generated_Source\PSoC4/ble_bless_isr.c **** * Summary:
 384:.\Generated_Source\PSoC4/ble_bless_isr.c **** *   Clears a pending interrupt in the interrupt controller.
 385:.\Generated_Source\PSoC4/ble_bless_isr.c **** *
 386:.\Generated_Source\PSoC4/ble_bless_isr.c **** *   Note Some interrupt sources are clear-on-read and require the block 
 387:.\Generated_Source\PSoC4/ble_bless_isr.c **** *   interrupt/status register to be read/cleared with the appropriate block API 
 388:.\Generated_Source\PSoC4/ble_bless_isr.c **** *   (GPIO, UART, and so on). Otherwise the ISR will continue to remain in 
 389:.\Generated_Source\PSoC4/ble_bless_isr.c **** *   pending state even though the interrupt itself is cleared using this API.
 390:.\Generated_Source\PSoC4/ble_bless_isr.c **** *
 391:.\Generated_Source\PSoC4/ble_bless_isr.c **** * Parameters:
 392:.\Generated_Source\PSoC4/ble_bless_isr.c **** *   None
 393:.\Generated_Source\PSoC4/ble_bless_isr.c **** *
 394:.\Generated_Source\PSoC4/ble_bless_isr.c **** * Return:
 395:.\Generated_Source\PSoC4/ble_bless_isr.c **** *   None
 396:.\Generated_Source\PSoC4/ble_bless_isr.c **** *
 397:.\Generated_Source\PSoC4/ble_bless_isr.c **** *******************************************************************************/
 398:.\Generated_Source\PSoC4/ble_bless_isr.c **** void BLE_bless_isr_ClearPending(void)
 399:.\Generated_Source\PSoC4/ble_bless_isr.c **** {
 372              		.loc 1 399 0
 373              		.cfi_startproc
 400:.\Generated_Source\PSoC4/ble_bless_isr.c ****     *BLE_bless_isr_INTC_CLR_PD = BLE_bless_isr__INTC_MASK;
 374              		.loc 1 400 0
 375 0000 8022     		mov	r2, #128
 376 0002 5201     		lsl	r2, r2, #5
 377 0004 014B     		ldr	r3, .L36
 378 0006 1A60     		str	r2, [r3]
 401:.\Generated_Source\PSoC4/ble_bless_isr.c **** }
 379              		.loc 1 401 0
 380              		@ sp needed
ARM GAS  C:\Users\Alan\AppData\Local\Temp\ccJR3Eoz.s 			page 15


 381 0008 7047     		bx	lr
 382              	.L37:
 383 000a C046     		.align	2
 384              	.L36:
 385 000c 80E200E0 		.word	-536812928
 386              		.cfi_endproc
 387              	.LFE14:
 388              		.size	BLE_bless_isr_ClearPending, .-BLE_bless_isr_ClearPending
 389              		.text
 390              	.Letext0:
 391              		.file 2 "Generated_Source\\PSoC4/cytypes.h"
 392              		.file 3 "Generated_Source\\PSoC4/CyLib.h"
 393              		.section	.debug_info,"",%progbits
 394              	.Ldebug_info0:
 395 0000 FA020000 		.4byte	0x2fa
 396 0004 0400     		.2byte	0x4
 397 0006 00000000 		.4byte	.Ldebug_abbrev0
 398 000a 04       		.byte	0x4
 399 000b 01       		.uleb128 0x1
 400 000c 26020000 		.4byte	.LASF33
 401 0010 01       		.byte	0x1
 402 0011 28010000 		.4byte	.LASF34
 403 0015 51010000 		.4byte	.LASF35
 404 0019 00000000 		.4byte	.Ldebug_ranges0+0
 405 001d 00000000 		.4byte	0
 406 0021 00000000 		.4byte	.Ldebug_line0
 407 0025 02       		.uleb128 0x2
 408 0026 01       		.byte	0x1
 409 0027 06       		.byte	0x6
 410 0028 07030000 		.4byte	.LASF0
 411 002c 02       		.uleb128 0x2
 412 002d 01       		.byte	0x1
 413 002e 08       		.byte	0x8
 414 002f 8C000000 		.4byte	.LASF1
 415 0033 02       		.uleb128 0x2
 416 0034 02       		.byte	0x2
 417 0035 05       		.byte	0x5
 418 0036 B4020000 		.4byte	.LASF2
 419 003a 02       		.uleb128 0x2
 420 003b 02       		.byte	0x2
 421 003c 07       		.byte	0x7
 422 003d 2B030000 		.4byte	.LASF3
 423 0041 02       		.uleb128 0x2
 424 0042 04       		.byte	0x4
 425 0043 05       		.byte	0x5
 426 0044 F8020000 		.4byte	.LASF4
 427 0048 02       		.uleb128 0x2
 428 0049 04       		.byte	0x4
 429 004a 07       		.byte	0x7
 430 004b C1000000 		.4byte	.LASF5
 431 004f 02       		.uleb128 0x2
 432 0050 08       		.byte	0x8
 433 0051 05       		.byte	0x5
 434 0052 F9010000 		.4byte	.LASF6
 435 0056 02       		.uleb128 0x2
 436 0057 08       		.byte	0x8
 437 0058 07       		.byte	0x7
ARM GAS  C:\Users\Alan\AppData\Local\Temp\ccJR3Eoz.s 			page 16


 438 0059 5D000000 		.4byte	.LASF7
 439 005d 03       		.uleb128 0x3
 440 005e 04       		.byte	0x4
 441 005f 05       		.byte	0x5
 442 0060 696E7400 		.ascii	"int\000"
 443 0064 02       		.uleb128 0x2
 444 0065 04       		.byte	0x4
 445 0066 07       		.byte	0x7
 446 0067 1B010000 		.4byte	.LASF8
 447 006b 04       		.uleb128 0x4
 448 006c D3000000 		.4byte	.LASF9
 449 0070 02       		.byte	0x2
 450 0071 C2       		.byte	0xc2
 451 0072 2C000000 		.4byte	0x2c
 452 0076 04       		.uleb128 0x4
 453 0077 FD000000 		.4byte	.LASF10
 454 007b 02       		.byte	0x2
 455 007c C4       		.byte	0xc4
 456 007d 48000000 		.4byte	0x48
 457 0081 02       		.uleb128 0x2
 458 0082 04       		.byte	0x4
 459 0083 04       		.byte	0x4
 460 0084 57000000 		.4byte	.LASF11
 461 0088 02       		.uleb128 0x2
 462 0089 08       		.byte	0x8
 463 008a 04       		.byte	0x4
 464 008b E2000000 		.4byte	.LASF12
 465 008f 02       		.uleb128 0x2
 466 0090 01       		.byte	0x1
 467 0091 08       		.byte	0x8
 468 0092 21020000 		.4byte	.LASF13
 469 0096 05       		.uleb128 0x5
 470 0097 01030000 		.4byte	.LASF14
 471 009b 02       		.byte	0x2
 472 009c 6E01     		.2byte	0x16e
 473 009e A2000000 		.4byte	0xa2
 474 00a2 06       		.uleb128 0x6
 475 00a3 76000000 		.4byte	0x76
 476 00a7 05       		.uleb128 0x5
 477 00a8 CD010000 		.4byte	.LASF15
 478 00ac 02       		.byte	0x2
 479 00ad 7E01     		.2byte	0x17e
 480 00af B3000000 		.4byte	0xb3
 481 00b3 07       		.uleb128 0x7
 482 00b4 04       		.byte	0x4
 483 00b5 B9000000 		.4byte	0xb9
 484 00b9 08       		.uleb128 0x8
 485 00ba 02       		.uleb128 0x2
 486 00bb 04       		.byte	0x4
 487 00bc 07       		.byte	0x7
 488 00bd DA010000 		.4byte	.LASF16
 489 00c1 09       		.uleb128 0x9
 490 00c2 9A000000 		.4byte	.LASF23
 491 00c6 01       		.byte	0x1
 492 00c7 9F       		.byte	0x9f
 493 00c8 00000000 		.4byte	.LFB5
 494 00cc 02000000 		.4byte	.LFE5-.LFB5
ARM GAS  C:\Users\Alan\AppData\Local\Temp\ccJR3Eoz.s 			page 17


 495 00d0 01       		.uleb128 0x1
 496 00d1 9C       		.byte	0x9c
 497 00d2 0A       		.uleb128 0xa
 498 00d3 13030000 		.4byte	.LASF17
 499 00d7 01       		.byte	0x1
 500 00d8 C7       		.byte	0xc7
 501 00d9 00000000 		.4byte	.LFB6
 502 00dd 0C000000 		.4byte	.LFE6-.LFB6
 503 00e1 01       		.uleb128 0x1
 504 00e2 9C       		.byte	0x9c
 505 00e3 F5000000 		.4byte	0xf5
 506 00e7 0B       		.uleb128 0xb
 507 00e8 94010000 		.4byte	.LASF19
 508 00ec 01       		.byte	0x1
 509 00ed C7       		.byte	0xc7
 510 00ee A7000000 		.4byte	0xa7
 511 00f2 01       		.uleb128 0x1
 512 00f3 50       		.byte	0x50
 513 00f4 00       		.byte	0
 514 00f5 0C       		.uleb128 0xc
 515 00f6 74000000 		.4byte	.LASF25
 516 00fa 01       		.byte	0x1
 517 00fb DB       		.byte	0xdb
 518 00fc A7000000 		.4byte	0xa7
 519 0100 00000000 		.4byte	.LFB7
 520 0104 0C000000 		.4byte	.LFE7-.LFB7
 521 0108 01       		.uleb128 0x1
 522 0109 9C       		.byte	0x9c
 523 010a 0A       		.uleb128 0xa
 524 010b 00000000 		.4byte	.LASF18
 525 010f 01       		.byte	0x1
 526 0110 F9       		.byte	0xf9
 527 0111 00000000 		.4byte	.LFB8
 528 0115 20000000 		.4byte	.LFE8-.LFB8
 529 0119 01       		.uleb128 0x1
 530 011a 9C       		.byte	0x9c
 531 011b 5C010000 		.4byte	0x15c
 532 011f 0D       		.uleb128 0xd
 533 0120 D9000000 		.4byte	.LASF20
 534 0124 01       		.byte	0x1
 535 0125 F9       		.byte	0xf9
 536 0126 6B000000 		.4byte	0x6b
 537 012a 00000000 		.4byte	.LLST0
 538 012e 0E       		.uleb128 0xe
 539 012f B2000000 		.4byte	.LASF21
 540 0133 01       		.byte	0x1
 541 0134 FB       		.byte	0xfb
 542 0135 6B000000 		.4byte	0x6b
 543 0139 21000000 		.4byte	.LLST1
 544 013d 0F       		.uleb128 0xf
 545 013e D3020000 		.4byte	.LASF22
 546 0142 01       		.byte	0x1
 547 0143 FC       		.byte	0xfc
 548 0144 76000000 		.4byte	0x76
 549 0148 06       		.byte	0x6
 550 0149 10       		.uleb128 0x10
 551 014a 08000000 		.4byte	.LVL3
ARM GAS  C:\Users\Alan\AppData\Local\Temp\ccJR3Eoz.s 			page 18


 552 014e E5020000 		.4byte	0x2e5
 553 0152 10       		.uleb128 0x10
 554 0153 1A000000 		.4byte	.LVL4
 555 0157 F0020000 		.4byte	0x2f0
 556 015b 00       		.byte	0
 557 015c 11       		.uleb128 0x11
 558 015d 07020000 		.4byte	.LASF36
 559 0161 01       		.byte	0x1
 560 0162 1501     		.2byte	0x115
 561 0164 6B000000 		.4byte	0x6b
 562 0168 00000000 		.4byte	.LFB9
 563 016c 10000000 		.4byte	.LFE9-.LFB9
 564 0170 01       		.uleb128 0x1
 565 0171 9C       		.byte	0x9c
 566 0172 94010000 		.4byte	0x194
 567 0176 12       		.uleb128 0x12
 568 0177 D9000000 		.4byte	.LASF20
 569 017b 01       		.byte	0x1
 570 017c 1701     		.2byte	0x117
 571 017e 76000000 		.4byte	0x76
 572 0182 34000000 		.4byte	.LLST2
 573 0186 13       		.uleb128 0x13
 574 0187 D3020000 		.4byte	.LASF22
 575 018b 01       		.byte	0x1
 576 018c 1801     		.2byte	0x118
 577 018e 76000000 		.4byte	0x76
 578 0192 06       		.byte	0x6
 579 0193 00       		.byte	0
 580 0194 14       		.uleb128 0x14
 581 0195 BE020000 		.4byte	.LASF24
 582 0199 01       		.byte	0x1
 583 019a 3001     		.2byte	0x130
 584 019c 00000000 		.4byte	.LFB10
 585 01a0 10000000 		.4byte	.LFE10-.LFB10
 586 01a4 01       		.uleb128 0x1
 587 01a5 9C       		.byte	0x9c
 588 01a6 15       		.uleb128 0x15
 589 01a7 1A000000 		.4byte	.LASF26
 590 01ab 01       		.byte	0x1
 591 01ac 4501     		.2byte	0x145
 592 01ae 6B000000 		.4byte	0x6b
 593 01b2 00000000 		.4byte	.LFB11
 594 01b6 14000000 		.4byte	.LFE11-.LFB11
 595 01ba 01       		.uleb128 0x1
 596 01bb 9C       		.byte	0x9c
 597 01bc 14       		.uleb128 0x14
 598 01bd E2020000 		.4byte	.LASF27
 599 01c1 01       		.byte	0x1
 600 01c2 5A01     		.2byte	0x15a
 601 01c4 00000000 		.4byte	.LFB12
 602 01c8 10000000 		.4byte	.LFE12-.LFB12
 603 01cc 01       		.uleb128 0x1
 604 01cd 9C       		.byte	0x9c
 605 01ce 0A       		.uleb128 0xa
 606 01cf E9000000 		.4byte	.LASF28
 607 01d3 01       		.byte	0x1
 608 01d4 38       		.byte	0x38
ARM GAS  C:\Users\Alan\AppData\Local\Temp\ccJR3Eoz.s 			page 19


 609 01d5 00000000 		.4byte	.LFB2
 610 01d9 1C000000 		.4byte	.LFE2-.LFB2
 611 01dd 01       		.uleb128 0x1
 612 01de 9C       		.byte	0x9c
 613 01df 20020000 		.4byte	0x220
 614 01e3 10       		.uleb128 0x10
 615 01e4 06000000 		.4byte	.LVL8
 616 01e8 BC010000 		.4byte	0x1bc
 617 01ec 16       		.uleb128 0x16
 618 01ed 0C000000 		.4byte	.LVL9
 619 01f1 D2000000 		.4byte	0xd2
 620 01f5 03020000 		.4byte	0x203
 621 01f9 17       		.uleb128 0x17
 622 01fa 01       		.uleb128 0x1
 623 01fb 50       		.byte	0x50
 624 01fc 05       		.uleb128 0x5
 625 01fd 03       		.byte	0x3
 626 01fe 00000000 		.4byte	BLE_bless_isr_Interrupt
 627 0202 00       		.byte	0
 628 0203 16       		.uleb128 0x16
 629 0204 12000000 		.4byte	.LVL10
 630 0208 0A010000 		.4byte	0x10a
 631 020c 16020000 		.4byte	0x216
 632 0210 17       		.uleb128 0x17
 633 0211 01       		.uleb128 0x1
 634 0212 50       		.byte	0x50
 635 0213 01       		.uleb128 0x1
 636 0214 33       		.byte	0x33
 637 0215 00       		.byte	0
 638 0216 10       		.uleb128 0x10
 639 0217 16000000 		.4byte	.LVL11
 640 021b 94010000 		.4byte	0x194
 641 021f 00       		.byte	0
 642 0220 0A       		.uleb128 0xa
 643 0221 E3010000 		.4byte	.LASF29
 644 0225 01       		.byte	0x1
 645 0226 63       		.byte	0x63
 646 0227 00000000 		.4byte	.LFB3
 647 022b 1A000000 		.4byte	.LFE3-.LFB3
 648 022f 01       		.uleb128 0x1
 649 0230 9C       		.byte	0x9c
 650 0231 7E020000 		.4byte	0x27e
 651 0235 0D       		.uleb128 0xd
 652 0236 94010000 		.4byte	.LASF19
 653 023a 01       		.byte	0x1
 654 023b 63       		.byte	0x63
 655 023c A7000000 		.4byte	0xa7
 656 0240 56000000 		.4byte	.LLST3
 657 0244 10       		.uleb128 0x10
 658 0245 08000000 		.4byte	.LVL13
 659 0249 BC010000 		.4byte	0x1bc
 660 024d 16       		.uleb128 0x16
 661 024e 0E000000 		.4byte	.LVL14
 662 0252 D2000000 		.4byte	0xd2
 663 0256 61020000 		.4byte	0x261
 664 025a 17       		.uleb128 0x17
 665 025b 01       		.uleb128 0x1
ARM GAS  C:\Users\Alan\AppData\Local\Temp\ccJR3Eoz.s 			page 20


 666 025c 50       		.byte	0x50
 667 025d 02       		.uleb128 0x2
 668 025e 74       		.byte	0x74
 669 025f 00       		.sleb128 0
 670 0260 00       		.byte	0
 671 0261 16       		.uleb128 0x16
 672 0262 14000000 		.4byte	.LVL15
 673 0266 0A010000 		.4byte	0x10a
 674 026a 74020000 		.4byte	0x274
 675 026e 17       		.uleb128 0x17
 676 026f 01       		.uleb128 0x1
 677 0270 50       		.byte	0x50
 678 0271 01       		.uleb128 0x1
 679 0272 33       		.byte	0x33
 680 0273 00       		.byte	0
 681 0274 10       		.uleb128 0x10
 682 0275 18000000 		.4byte	.LVL16
 683 0279 94010000 		.4byte	0x194
 684 027d 00       		.byte	0
 685 027e 0A       		.uleb128 0xa
 686 027f 3E030000 		.4byte	.LASF30
 687 0283 01       		.byte	0x1
 688 0284 81       		.byte	0x81
 689 0285 00000000 		.4byte	.LFB4
 690 0289 14000000 		.4byte	.LFE4-.LFB4
 691 028d 01       		.uleb128 0x1
 692 028e 9C       		.byte	0x9c
 693 028f A6020000 		.4byte	0x2a6
 694 0293 10       		.uleb128 0x10
 695 0294 06000000 		.4byte	.LVL18
 696 0298 BC010000 		.4byte	0x1bc
 697 029c 10       		.uleb128 0x10
 698 029d 0C000000 		.4byte	.LVL19
 699 02a1 D2000000 		.4byte	0xd2
 700 02a5 00       		.byte	0
 701 02a6 14       		.uleb128 0x14
 702 02a7 3E000000 		.4byte	.LASF31
 703 02ab 01       		.byte	0x1
 704 02ac 7501     		.2byte	0x175
 705 02ae 00000000 		.4byte	.LFB13
 706 02b2 10000000 		.4byte	.LFE13-.LFB13
 707 02b6 01       		.uleb128 0x1
 708 02b7 9C       		.byte	0x9c
 709 02b8 14       		.uleb128 0x14
 710 02b9 B2010000 		.4byte	.LASF32
 711 02bd 01       		.byte	0x1
 712 02be 8E01     		.2byte	0x18e
 713 02c0 00000000 		.4byte	.LFB14
 714 02c4 10000000 		.4byte	.LFE14-.LFB14
 715 02c8 01       		.uleb128 0x1
 716 02c9 9C       		.byte	0x9c
 717 02ca 18       		.uleb128 0x18
 718 02cb A7000000 		.4byte	0xa7
 719 02cf DA020000 		.4byte	0x2da
 720 02d3 19       		.uleb128 0x19
 721 02d4 BA000000 		.4byte	0xba
 722 02d8 2F       		.byte	0x2f
ARM GAS  C:\Users\Alan\AppData\Local\Temp\ccJR3Eoz.s 			page 21


 723 02d9 00       		.byte	0
 724 02da 1A       		.uleb128 0x1a
 725 02db 31000000 		.4byte	.LASF37
 726 02df 01       		.byte	0x1
 727 02e0 21       		.byte	0x21
 728 02e1 CA020000 		.4byte	0x2ca
 729 02e5 1B       		.uleb128 0x1b
 730 02e6 04010000 		.4byte	.LASF38
 731 02ea 03       		.byte	0x3
 732 02eb 5E       		.byte	0x5e
 733 02ec 6B000000 		.4byte	0x6b
 734 02f0 1C       		.uleb128 0x1c
 735 02f1 9C010000 		.4byte	.LASF39
 736 02f5 03       		.byte	0x3
 737 02f6 5F       		.byte	0x5f
 738 02f7 1D       		.uleb128 0x1d
 739 02f8 6B000000 		.4byte	0x6b
 740 02fc 00       		.byte	0
 741 02fd 00       		.byte	0
 742              		.section	.debug_abbrev,"",%progbits
 743              	.Ldebug_abbrev0:
 744 0000 01       		.uleb128 0x1
 745 0001 11       		.uleb128 0x11
 746 0002 01       		.byte	0x1
 747 0003 25       		.uleb128 0x25
 748 0004 0E       		.uleb128 0xe
 749 0005 13       		.uleb128 0x13
 750 0006 0B       		.uleb128 0xb
 751 0007 03       		.uleb128 0x3
 752 0008 0E       		.uleb128 0xe
 753 0009 1B       		.uleb128 0x1b
 754 000a 0E       		.uleb128 0xe
 755 000b 55       		.uleb128 0x55
 756 000c 17       		.uleb128 0x17
 757 000d 11       		.uleb128 0x11
 758 000e 01       		.uleb128 0x1
 759 000f 10       		.uleb128 0x10
 760 0010 17       		.uleb128 0x17
 761 0011 00       		.byte	0
 762 0012 00       		.byte	0
 763 0013 02       		.uleb128 0x2
 764 0014 24       		.uleb128 0x24
 765 0015 00       		.byte	0
 766 0016 0B       		.uleb128 0xb
 767 0017 0B       		.uleb128 0xb
 768 0018 3E       		.uleb128 0x3e
 769 0019 0B       		.uleb128 0xb
 770 001a 03       		.uleb128 0x3
 771 001b 0E       		.uleb128 0xe
 772 001c 00       		.byte	0
 773 001d 00       		.byte	0
 774 001e 03       		.uleb128 0x3
 775 001f 24       		.uleb128 0x24
 776 0020 00       		.byte	0
 777 0021 0B       		.uleb128 0xb
 778 0022 0B       		.uleb128 0xb
 779 0023 3E       		.uleb128 0x3e
ARM GAS  C:\Users\Alan\AppData\Local\Temp\ccJR3Eoz.s 			page 22


 780 0024 0B       		.uleb128 0xb
 781 0025 03       		.uleb128 0x3
 782 0026 08       		.uleb128 0x8
 783 0027 00       		.byte	0
 784 0028 00       		.byte	0
 785 0029 04       		.uleb128 0x4
 786 002a 16       		.uleb128 0x16
 787 002b 00       		.byte	0
 788 002c 03       		.uleb128 0x3
 789 002d 0E       		.uleb128 0xe
 790 002e 3A       		.uleb128 0x3a
 791 002f 0B       		.uleb128 0xb
 792 0030 3B       		.uleb128 0x3b
 793 0031 0B       		.uleb128 0xb
 794 0032 49       		.uleb128 0x49
 795 0033 13       		.uleb128 0x13
 796 0034 00       		.byte	0
 797 0035 00       		.byte	0
 798 0036 05       		.uleb128 0x5
 799 0037 16       		.uleb128 0x16
 800 0038 00       		.byte	0
 801 0039 03       		.uleb128 0x3
 802 003a 0E       		.uleb128 0xe
 803 003b 3A       		.uleb128 0x3a
 804 003c 0B       		.uleb128 0xb
 805 003d 3B       		.uleb128 0x3b
 806 003e 05       		.uleb128 0x5
 807 003f 49       		.uleb128 0x49
 808 0040 13       		.uleb128 0x13
 809 0041 00       		.byte	0
 810 0042 00       		.byte	0
 811 0043 06       		.uleb128 0x6
 812 0044 35       		.uleb128 0x35
 813 0045 00       		.byte	0
 814 0046 49       		.uleb128 0x49
 815 0047 13       		.uleb128 0x13
 816 0048 00       		.byte	0
 817 0049 00       		.byte	0
 818 004a 07       		.uleb128 0x7
 819 004b 0F       		.uleb128 0xf
 820 004c 00       		.byte	0
 821 004d 0B       		.uleb128 0xb
 822 004e 0B       		.uleb128 0xb
 823 004f 49       		.uleb128 0x49
 824 0050 13       		.uleb128 0x13
 825 0051 00       		.byte	0
 826 0052 00       		.byte	0
 827 0053 08       		.uleb128 0x8
 828 0054 15       		.uleb128 0x15
 829 0055 00       		.byte	0
 830 0056 27       		.uleb128 0x27
 831 0057 19       		.uleb128 0x19
 832 0058 00       		.byte	0
 833 0059 00       		.byte	0
 834 005a 09       		.uleb128 0x9
 835 005b 2E       		.uleb128 0x2e
 836 005c 00       		.byte	0
ARM GAS  C:\Users\Alan\AppData\Local\Temp\ccJR3Eoz.s 			page 23


 837 005d 3F       		.uleb128 0x3f
 838 005e 19       		.uleb128 0x19
 839 005f 03       		.uleb128 0x3
 840 0060 0E       		.uleb128 0xe
 841 0061 3A       		.uleb128 0x3a
 842 0062 0B       		.uleb128 0xb
 843 0063 3B       		.uleb128 0x3b
 844 0064 0B       		.uleb128 0xb
 845 0065 27       		.uleb128 0x27
 846 0066 19       		.uleb128 0x19
 847 0067 11       		.uleb128 0x11
 848 0068 01       		.uleb128 0x1
 849 0069 12       		.uleb128 0x12
 850 006a 06       		.uleb128 0x6
 851 006b 40       		.uleb128 0x40
 852 006c 18       		.uleb128 0x18
 853 006d 9742     		.uleb128 0x2117
 854 006f 19       		.uleb128 0x19
 855 0070 00       		.byte	0
 856 0071 00       		.byte	0
 857 0072 0A       		.uleb128 0xa
 858 0073 2E       		.uleb128 0x2e
 859 0074 01       		.byte	0x1
 860 0075 3F       		.uleb128 0x3f
 861 0076 19       		.uleb128 0x19
 862 0077 03       		.uleb128 0x3
 863 0078 0E       		.uleb128 0xe
 864 0079 3A       		.uleb128 0x3a
 865 007a 0B       		.uleb128 0xb
 866 007b 3B       		.uleb128 0x3b
 867 007c 0B       		.uleb128 0xb
 868 007d 27       		.uleb128 0x27
 869 007e 19       		.uleb128 0x19
 870 007f 11       		.uleb128 0x11
 871 0080 01       		.uleb128 0x1
 872 0081 12       		.uleb128 0x12
 873 0082 06       		.uleb128 0x6
 874 0083 40       		.uleb128 0x40
 875 0084 18       		.uleb128 0x18
 876 0085 9742     		.uleb128 0x2117
 877 0087 19       		.uleb128 0x19
 878 0088 01       		.uleb128 0x1
 879 0089 13       		.uleb128 0x13
 880 008a 00       		.byte	0
 881 008b 00       		.byte	0
 882 008c 0B       		.uleb128 0xb
 883 008d 05       		.uleb128 0x5
 884 008e 00       		.byte	0
 885 008f 03       		.uleb128 0x3
 886 0090 0E       		.uleb128 0xe
 887 0091 3A       		.uleb128 0x3a
 888 0092 0B       		.uleb128 0xb
 889 0093 3B       		.uleb128 0x3b
 890 0094 0B       		.uleb128 0xb
 891 0095 49       		.uleb128 0x49
 892 0096 13       		.uleb128 0x13
 893 0097 02       		.uleb128 0x2
ARM GAS  C:\Users\Alan\AppData\Local\Temp\ccJR3Eoz.s 			page 24


 894 0098 18       		.uleb128 0x18
 895 0099 00       		.byte	0
 896 009a 00       		.byte	0
 897 009b 0C       		.uleb128 0xc
 898 009c 2E       		.uleb128 0x2e
 899 009d 00       		.byte	0
 900 009e 3F       		.uleb128 0x3f
 901 009f 19       		.uleb128 0x19
 902 00a0 03       		.uleb128 0x3
 903 00a1 0E       		.uleb128 0xe
 904 00a2 3A       		.uleb128 0x3a
 905 00a3 0B       		.uleb128 0xb
 906 00a4 3B       		.uleb128 0x3b
 907 00a5 0B       		.uleb128 0xb
 908 00a6 27       		.uleb128 0x27
 909 00a7 19       		.uleb128 0x19
 910 00a8 49       		.uleb128 0x49
 911 00a9 13       		.uleb128 0x13
 912 00aa 11       		.uleb128 0x11
 913 00ab 01       		.uleb128 0x1
 914 00ac 12       		.uleb128 0x12
 915 00ad 06       		.uleb128 0x6
 916 00ae 40       		.uleb128 0x40
 917 00af 18       		.uleb128 0x18
 918 00b0 9742     		.uleb128 0x2117
 919 00b2 19       		.uleb128 0x19
 920 00b3 00       		.byte	0
 921 00b4 00       		.byte	0
 922 00b5 0D       		.uleb128 0xd
 923 00b6 05       		.uleb128 0x5
 924 00b7 00       		.byte	0
 925 00b8 03       		.uleb128 0x3
 926 00b9 0E       		.uleb128 0xe
 927 00ba 3A       		.uleb128 0x3a
 928 00bb 0B       		.uleb128 0xb
 929 00bc 3B       		.uleb128 0x3b
 930 00bd 0B       		.uleb128 0xb
 931 00be 49       		.uleb128 0x49
 932 00bf 13       		.uleb128 0x13
 933 00c0 02       		.uleb128 0x2
 934 00c1 17       		.uleb128 0x17
 935 00c2 00       		.byte	0
 936 00c3 00       		.byte	0
 937 00c4 0E       		.uleb128 0xe
 938 00c5 34       		.uleb128 0x34
 939 00c6 00       		.byte	0
 940 00c7 03       		.uleb128 0x3
 941 00c8 0E       		.uleb128 0xe
 942 00c9 3A       		.uleb128 0x3a
 943 00ca 0B       		.uleb128 0xb
 944 00cb 3B       		.uleb128 0x3b
 945 00cc 0B       		.uleb128 0xb
 946 00cd 49       		.uleb128 0x49
 947 00ce 13       		.uleb128 0x13
 948 00cf 02       		.uleb128 0x2
 949 00d0 17       		.uleb128 0x17
 950 00d1 00       		.byte	0
ARM GAS  C:\Users\Alan\AppData\Local\Temp\ccJR3Eoz.s 			page 25


 951 00d2 00       		.byte	0
 952 00d3 0F       		.uleb128 0xf
 953 00d4 34       		.uleb128 0x34
 954 00d5 00       		.byte	0
 955 00d6 03       		.uleb128 0x3
 956 00d7 0E       		.uleb128 0xe
 957 00d8 3A       		.uleb128 0x3a
 958 00d9 0B       		.uleb128 0xb
 959 00da 3B       		.uleb128 0x3b
 960 00db 0B       		.uleb128 0xb
 961 00dc 49       		.uleb128 0x49
 962 00dd 13       		.uleb128 0x13
 963 00de 1C       		.uleb128 0x1c
 964 00df 0B       		.uleb128 0xb
 965 00e0 00       		.byte	0
 966 00e1 00       		.byte	0
 967 00e2 10       		.uleb128 0x10
 968 00e3 898201   		.uleb128 0x4109
 969 00e6 00       		.byte	0
 970 00e7 11       		.uleb128 0x11
 971 00e8 01       		.uleb128 0x1
 972 00e9 31       		.uleb128 0x31
 973 00ea 13       		.uleb128 0x13
 974 00eb 00       		.byte	0
 975 00ec 00       		.byte	0
 976 00ed 11       		.uleb128 0x11
 977 00ee 2E       		.uleb128 0x2e
 978 00ef 01       		.byte	0x1
 979 00f0 3F       		.uleb128 0x3f
 980 00f1 19       		.uleb128 0x19
 981 00f2 03       		.uleb128 0x3
 982 00f3 0E       		.uleb128 0xe
 983 00f4 3A       		.uleb128 0x3a
 984 00f5 0B       		.uleb128 0xb
 985 00f6 3B       		.uleb128 0x3b
 986 00f7 05       		.uleb128 0x5
 987 00f8 27       		.uleb128 0x27
 988 00f9 19       		.uleb128 0x19
 989 00fa 49       		.uleb128 0x49
 990 00fb 13       		.uleb128 0x13
 991 00fc 11       		.uleb128 0x11
 992 00fd 01       		.uleb128 0x1
 993 00fe 12       		.uleb128 0x12
 994 00ff 06       		.uleb128 0x6
 995 0100 40       		.uleb128 0x40
 996 0101 18       		.uleb128 0x18
 997 0102 9742     		.uleb128 0x2117
 998 0104 19       		.uleb128 0x19
 999 0105 01       		.uleb128 0x1
 1000 0106 13       		.uleb128 0x13
 1001 0107 00       		.byte	0
 1002 0108 00       		.byte	0
 1003 0109 12       		.uleb128 0x12
 1004 010a 34       		.uleb128 0x34
 1005 010b 00       		.byte	0
 1006 010c 03       		.uleb128 0x3
 1007 010d 0E       		.uleb128 0xe
ARM GAS  C:\Users\Alan\AppData\Local\Temp\ccJR3Eoz.s 			page 26


 1008 010e 3A       		.uleb128 0x3a
 1009 010f 0B       		.uleb128 0xb
 1010 0110 3B       		.uleb128 0x3b
 1011 0111 05       		.uleb128 0x5
 1012 0112 49       		.uleb128 0x49
 1013 0113 13       		.uleb128 0x13
 1014 0114 02       		.uleb128 0x2
 1015 0115 17       		.uleb128 0x17
 1016 0116 00       		.byte	0
 1017 0117 00       		.byte	0
 1018 0118 13       		.uleb128 0x13
 1019 0119 34       		.uleb128 0x34
 1020 011a 00       		.byte	0
 1021 011b 03       		.uleb128 0x3
 1022 011c 0E       		.uleb128 0xe
 1023 011d 3A       		.uleb128 0x3a
 1024 011e 0B       		.uleb128 0xb
 1025 011f 3B       		.uleb128 0x3b
 1026 0120 05       		.uleb128 0x5
 1027 0121 49       		.uleb128 0x49
 1028 0122 13       		.uleb128 0x13
 1029 0123 1C       		.uleb128 0x1c
 1030 0124 0B       		.uleb128 0xb
 1031 0125 00       		.byte	0
 1032 0126 00       		.byte	0
 1033 0127 14       		.uleb128 0x14
 1034 0128 2E       		.uleb128 0x2e
 1035 0129 00       		.byte	0
 1036 012a 3F       		.uleb128 0x3f
 1037 012b 19       		.uleb128 0x19
 1038 012c 03       		.uleb128 0x3
 1039 012d 0E       		.uleb128 0xe
 1040 012e 3A       		.uleb128 0x3a
 1041 012f 0B       		.uleb128 0xb
 1042 0130 3B       		.uleb128 0x3b
 1043 0131 05       		.uleb128 0x5
 1044 0132 27       		.uleb128 0x27
 1045 0133 19       		.uleb128 0x19
 1046 0134 11       		.uleb128 0x11
 1047 0135 01       		.uleb128 0x1
 1048 0136 12       		.uleb128 0x12
 1049 0137 06       		.uleb128 0x6
 1050 0138 40       		.uleb128 0x40
 1051 0139 18       		.uleb128 0x18
 1052 013a 9742     		.uleb128 0x2117
 1053 013c 19       		.uleb128 0x19
 1054 013d 00       		.byte	0
 1055 013e 00       		.byte	0
 1056 013f 15       		.uleb128 0x15
 1057 0140 2E       		.uleb128 0x2e
 1058 0141 00       		.byte	0
 1059 0142 3F       		.uleb128 0x3f
 1060 0143 19       		.uleb128 0x19
 1061 0144 03       		.uleb128 0x3
 1062 0145 0E       		.uleb128 0xe
 1063 0146 3A       		.uleb128 0x3a
 1064 0147 0B       		.uleb128 0xb
ARM GAS  C:\Users\Alan\AppData\Local\Temp\ccJR3Eoz.s 			page 27


 1065 0148 3B       		.uleb128 0x3b
 1066 0149 05       		.uleb128 0x5
 1067 014a 27       		.uleb128 0x27
 1068 014b 19       		.uleb128 0x19
 1069 014c 49       		.uleb128 0x49
 1070 014d 13       		.uleb128 0x13
 1071 014e 11       		.uleb128 0x11
 1072 014f 01       		.uleb128 0x1
 1073 0150 12       		.uleb128 0x12
 1074 0151 06       		.uleb128 0x6
 1075 0152 40       		.uleb128 0x40
 1076 0153 18       		.uleb128 0x18
 1077 0154 9742     		.uleb128 0x2117
 1078 0156 19       		.uleb128 0x19
 1079 0157 00       		.byte	0
 1080 0158 00       		.byte	0
 1081 0159 16       		.uleb128 0x16
 1082 015a 898201   		.uleb128 0x4109
 1083 015d 01       		.byte	0x1
 1084 015e 11       		.uleb128 0x11
 1085 015f 01       		.uleb128 0x1
 1086 0160 31       		.uleb128 0x31
 1087 0161 13       		.uleb128 0x13
 1088 0162 01       		.uleb128 0x1
 1089 0163 13       		.uleb128 0x13
 1090 0164 00       		.byte	0
 1091 0165 00       		.byte	0
 1092 0166 17       		.uleb128 0x17
 1093 0167 8A8201   		.uleb128 0x410a
 1094 016a 00       		.byte	0
 1095 016b 02       		.uleb128 0x2
 1096 016c 18       		.uleb128 0x18
 1097 016d 9142     		.uleb128 0x2111
 1098 016f 18       		.uleb128 0x18
 1099 0170 00       		.byte	0
 1100 0171 00       		.byte	0
 1101 0172 18       		.uleb128 0x18
 1102 0173 01       		.uleb128 0x1
 1103 0174 01       		.byte	0x1
 1104 0175 49       		.uleb128 0x49
 1105 0176 13       		.uleb128 0x13
 1106 0177 01       		.uleb128 0x1
 1107 0178 13       		.uleb128 0x13
 1108 0179 00       		.byte	0
 1109 017a 00       		.byte	0
 1110 017b 19       		.uleb128 0x19
 1111 017c 21       		.uleb128 0x21
 1112 017d 00       		.byte	0
 1113 017e 49       		.uleb128 0x49
 1114 017f 13       		.uleb128 0x13
 1115 0180 2F       		.uleb128 0x2f
 1116 0181 0B       		.uleb128 0xb
 1117 0182 00       		.byte	0
 1118 0183 00       		.byte	0
 1119 0184 1A       		.uleb128 0x1a
 1120 0185 34       		.uleb128 0x34
 1121 0186 00       		.byte	0
ARM GAS  C:\Users\Alan\AppData\Local\Temp\ccJR3Eoz.s 			page 28


 1122 0187 03       		.uleb128 0x3
 1123 0188 0E       		.uleb128 0xe
 1124 0189 3A       		.uleb128 0x3a
 1125 018a 0B       		.uleb128 0xb
 1126 018b 3B       		.uleb128 0x3b
 1127 018c 0B       		.uleb128 0xb
 1128 018d 49       		.uleb128 0x49
 1129 018e 13       		.uleb128 0x13
 1130 018f 3F       		.uleb128 0x3f
 1131 0190 19       		.uleb128 0x19
 1132 0191 3C       		.uleb128 0x3c
 1133 0192 19       		.uleb128 0x19
 1134 0193 00       		.byte	0
 1135 0194 00       		.byte	0
 1136 0195 1B       		.uleb128 0x1b
 1137 0196 2E       		.uleb128 0x2e
 1138 0197 00       		.byte	0
 1139 0198 3F       		.uleb128 0x3f
 1140 0199 19       		.uleb128 0x19
 1141 019a 03       		.uleb128 0x3
 1142 019b 0E       		.uleb128 0xe
 1143 019c 3A       		.uleb128 0x3a
 1144 019d 0B       		.uleb128 0xb
 1145 019e 3B       		.uleb128 0x3b
 1146 019f 0B       		.uleb128 0xb
 1147 01a0 27       		.uleb128 0x27
 1148 01a1 19       		.uleb128 0x19
 1149 01a2 49       		.uleb128 0x49
 1150 01a3 13       		.uleb128 0x13
 1151 01a4 3C       		.uleb128 0x3c
 1152 01a5 19       		.uleb128 0x19
 1153 01a6 00       		.byte	0
 1154 01a7 00       		.byte	0
 1155 01a8 1C       		.uleb128 0x1c
 1156 01a9 2E       		.uleb128 0x2e
 1157 01aa 01       		.byte	0x1
 1158 01ab 3F       		.uleb128 0x3f
 1159 01ac 19       		.uleb128 0x19
 1160 01ad 03       		.uleb128 0x3
 1161 01ae 0E       		.uleb128 0xe
 1162 01af 3A       		.uleb128 0x3a
 1163 01b0 0B       		.uleb128 0xb
 1164 01b1 3B       		.uleb128 0x3b
 1165 01b2 0B       		.uleb128 0xb
 1166 01b3 27       		.uleb128 0x27
 1167 01b4 19       		.uleb128 0x19
 1168 01b5 3C       		.uleb128 0x3c
 1169 01b6 19       		.uleb128 0x19
 1170 01b7 00       		.byte	0
 1171 01b8 00       		.byte	0
 1172 01b9 1D       		.uleb128 0x1d
 1173 01ba 05       		.uleb128 0x5
 1174 01bb 00       		.byte	0
 1175 01bc 49       		.uleb128 0x49
 1176 01bd 13       		.uleb128 0x13
 1177 01be 00       		.byte	0
 1178 01bf 00       		.byte	0
ARM GAS  C:\Users\Alan\AppData\Local\Temp\ccJR3Eoz.s 			page 29


 1179 01c0 00       		.byte	0
 1180              		.section	.debug_loc,"",%progbits
 1181              	.Ldebug_loc0:
 1182              	.LLST0:
 1183 0000 00000000 		.4byte	.LVL1
 1184 0004 07000000 		.4byte	.LVL3-1
 1185 0008 0100     		.2byte	0x1
 1186 000a 50       		.byte	0x50
 1187 000b 07000000 		.4byte	.LVL3-1
 1188 000f 20000000 		.4byte	.LFE8
 1189 0013 0400     		.2byte	0x4
 1190 0015 F3       		.byte	0xf3
 1191 0016 01       		.uleb128 0x1
 1192 0017 50       		.byte	0x50
 1193 0018 9F       		.byte	0x9f
 1194 0019 00000000 		.4byte	0
 1195 001d 00000000 		.4byte	0
 1196              	.LLST1:
 1197 0021 08000000 		.4byte	.LVL3
 1198 0025 19000000 		.4byte	.LVL4-1
 1199 0029 0100     		.2byte	0x1
 1200 002b 50       		.byte	0x50
 1201 002c 00000000 		.4byte	0
 1202 0030 00000000 		.4byte	0
 1203              	.LLST2:
 1204 0034 06000000 		.4byte	.LVL6
 1205 0038 08000000 		.4byte	.LVL7
 1206 003c 0500     		.2byte	0x5
 1207 003e 70       		.byte	0x70
 1208 003f 00       		.sleb128 0
 1209 0040 4E       		.byte	0x4e
 1210 0041 25       		.byte	0x25
 1211 0042 9F       		.byte	0x9f
 1212 0043 08000000 		.4byte	.LVL7
 1213 0047 10000000 		.4byte	.LFE9
 1214 004b 0100     		.2byte	0x1
 1215 004d 50       		.byte	0x50
 1216 004e 00000000 		.4byte	0
 1217 0052 00000000 		.4byte	0
 1218              	.LLST3:
 1219 0056 00000000 		.4byte	.LVL12
 1220 005a 07000000 		.4byte	.LVL13-1
 1221 005e 0100     		.2byte	0x1
 1222 0060 50       		.byte	0x50
 1223 0061 07000000 		.4byte	.LVL13-1
 1224 0065 18000000 		.4byte	.LVL17
 1225 0069 0100     		.2byte	0x1
 1226 006b 54       		.byte	0x54
 1227 006c 18000000 		.4byte	.LVL17
 1228 0070 1A000000 		.4byte	.LFE3
 1229 0074 0400     		.2byte	0x4
 1230 0076 F3       		.byte	0xf3
 1231 0077 01       		.uleb128 0x1
 1232 0078 50       		.byte	0x50
 1233 0079 9F       		.byte	0x9f
 1234 007a 00000000 		.4byte	0
 1235 007e 00000000 		.4byte	0
ARM GAS  C:\Users\Alan\AppData\Local\Temp\ccJR3Eoz.s 			page 30


 1236              		.section	.debug_aranges,"",%progbits
 1237 0000 7C000000 		.4byte	0x7c
 1238 0004 0200     		.2byte	0x2
 1239 0006 00000000 		.4byte	.Ldebug_info0
 1240 000a 04       		.byte	0x4
 1241 000b 00       		.byte	0
 1242 000c 0000     		.2byte	0
 1243 000e 0000     		.2byte	0
 1244 0010 00000000 		.4byte	.LFB5
 1245 0014 02000000 		.4byte	.LFE5-.LFB5
 1246 0018 00000000 		.4byte	.LFB6
 1247 001c 0C000000 		.4byte	.LFE6-.LFB6
 1248 0020 00000000 		.4byte	.LFB7
 1249 0024 0C000000 		.4byte	.LFE7-.LFB7
 1250 0028 00000000 		.4byte	.LFB8
 1251 002c 20000000 		.4byte	.LFE8-.LFB8
 1252 0030 00000000 		.4byte	.LFB9
 1253 0034 10000000 		.4byte	.LFE9-.LFB9
 1254 0038 00000000 		.4byte	.LFB10
 1255 003c 10000000 		.4byte	.LFE10-.LFB10
 1256 0040 00000000 		.4byte	.LFB11
 1257 0044 14000000 		.4byte	.LFE11-.LFB11
 1258 0048 00000000 		.4byte	.LFB12
 1259 004c 10000000 		.4byte	.LFE12-.LFB12
 1260 0050 00000000 		.4byte	.LFB2
 1261 0054 1C000000 		.4byte	.LFE2-.LFB2
 1262 0058 00000000 		.4byte	.LFB3
 1263 005c 1A000000 		.4byte	.LFE3-.LFB3
 1264 0060 00000000 		.4byte	.LFB4
 1265 0064 14000000 		.4byte	.LFE4-.LFB4
 1266 0068 00000000 		.4byte	.LFB13
 1267 006c 10000000 		.4byte	.LFE13-.LFB13
 1268 0070 00000000 		.4byte	.LFB14
 1269 0074 10000000 		.4byte	.LFE14-.LFB14
 1270 0078 00000000 		.4byte	0
 1271 007c 00000000 		.4byte	0
 1272              		.section	.debug_ranges,"",%progbits
 1273              	.Ldebug_ranges0:
 1274 0000 00000000 		.4byte	.LFB5
 1275 0004 02000000 		.4byte	.LFE5
 1276 0008 00000000 		.4byte	.LFB6
 1277 000c 0C000000 		.4byte	.LFE6
 1278 0010 00000000 		.4byte	.LFB7
 1279 0014 0C000000 		.4byte	.LFE7
 1280 0018 00000000 		.4byte	.LFB8
 1281 001c 20000000 		.4byte	.LFE8
 1282 0020 00000000 		.4byte	.LFB9
 1283 0024 10000000 		.4byte	.LFE9
 1284 0028 00000000 		.4byte	.LFB10
 1285 002c 10000000 		.4byte	.LFE10
 1286 0030 00000000 		.4byte	.LFB11
 1287 0034 14000000 		.4byte	.LFE11
 1288 0038 00000000 		.4byte	.LFB12
 1289 003c 10000000 		.4byte	.LFE12
 1290 0040 00000000 		.4byte	.LFB2
 1291 0044 1C000000 		.4byte	.LFE2
 1292 0048 00000000 		.4byte	.LFB3
ARM GAS  C:\Users\Alan\AppData\Local\Temp\ccJR3Eoz.s 			page 31


 1293 004c 1A000000 		.4byte	.LFE3
 1294 0050 00000000 		.4byte	.LFB4
 1295 0054 14000000 		.4byte	.LFE4
 1296 0058 00000000 		.4byte	.LFB13
 1297 005c 10000000 		.4byte	.LFE13
 1298 0060 00000000 		.4byte	.LFB14
 1299 0064 10000000 		.4byte	.LFE14
 1300 0068 00000000 		.4byte	0
 1301 006c 00000000 		.4byte	0
 1302              		.section	.debug_line,"",%progbits
 1303              	.Ldebug_line0:
 1304 0000 6E010000 		.section	.debug_str,"MS",%progbits,1
 1304      02006E00 
 1304      00000201 
 1304      FB0E0D00 
 1304      01010101 
 1305              	.LASF18:
 1306 0000 424C455F 		.ascii	"BLE_bless_isr_SetPriority\000"
 1306      626C6573 
 1306      735F6973 
 1306      725F5365 
 1306      74507269 
 1307              	.LASF26:
 1308 001a 424C455F 		.ascii	"BLE_bless_isr_GetState\000"
 1308      626C6573 
 1308      735F6973 
 1308      725F4765 
 1308      74537461 
 1309              	.LASF37:
 1310 0031 43795261 		.ascii	"CyRamVectors\000"
 1310      6D566563 
 1310      746F7273 
 1310      00
 1311              	.LASF31:
 1312 003e 424C455F 		.ascii	"BLE_bless_isr_SetPending\000"
 1312      626C6573 
 1312      735F6973 
 1312      725F5365 
 1312      7450656E 
 1313              	.LASF11:
 1314 0057 666C6F61 		.ascii	"float\000"
 1314      7400
 1315              	.LASF7:
 1316 005d 6C6F6E67 		.ascii	"long long unsigned int\000"
 1316      206C6F6E 
 1316      6720756E 
 1316      7369676E 
 1316      65642069 
 1317              	.LASF25:
 1318 0074 424C455F 		.ascii	"BLE_bless_isr_GetVector\000"
 1318      626C6573 
 1318      735F6973 
 1318      725F4765 
 1318      74566563 
 1319              	.LASF1:
 1320 008c 756E7369 		.ascii	"unsigned char\000"
 1320      676E6564 
ARM GAS  C:\Users\Alan\AppData\Local\Temp\ccJR3Eoz.s 			page 32


 1320      20636861 
 1320      7200
 1321              	.LASF23:
 1322 009a 424C455F 		.ascii	"BLE_bless_isr_Interrupt\000"
 1322      626C6573 
 1322      735F6973 
 1322      725F496E 
 1322      74657272 
 1323              	.LASF21:
 1324 00b2 696E7465 		.ascii	"interruptState\000"
 1324      72727570 
 1324      74537461 
 1324      746500
 1325              	.LASF5:
 1326 00c1 6C6F6E67 		.ascii	"long unsigned int\000"
 1326      20756E73 
 1326      69676E65 
 1326      6420696E 
 1326      7400
 1327              	.LASF9:
 1328 00d3 75696E74 		.ascii	"uint8\000"
 1328      3800
 1329              	.LASF20:
 1330 00d9 7072696F 		.ascii	"priority\000"
 1330      72697479 
 1330      00
 1331              	.LASF12:
 1332 00e2 646F7562 		.ascii	"double\000"
 1332      6C6500
 1333              	.LASF28:
 1334 00e9 424C455F 		.ascii	"BLE_bless_isr_Start\000"
 1334      626C6573 
 1334      735F6973 
 1334      725F5374 
 1334      61727400 
 1335              	.LASF10:
 1336 00fd 75696E74 		.ascii	"uint32\000"
 1336      333200
 1337              	.LASF38:
 1338 0104 4379456E 		.ascii	"CyEnterCriticalSection\000"
 1338      74657243 
 1338      72697469 
 1338      63616C53 
 1338      65637469 
 1339              	.LASF8:
 1340 011b 756E7369 		.ascii	"unsigned int\000"
 1340      676E6564 
 1340      20696E74 
 1340      00
 1341              	.LASF34:
 1342 0128 2E5C4765 		.ascii	".\\Generated_Source\\PSoC4\\ble_bless_isr.c\000"
 1342      6E657261 
 1342      7465645F 
 1342      536F7572 
 1342      63655C50 
 1343              	.LASF35:
 1344 0151 5C5C766D 		.ascii	"\\\\vmware-host\\Shared Folders\\Documents\\BLEIOSA"
ARM GAS  C:\Users\Alan\AppData\Local\Temp\ccJR3Eoz.s 			page 33


 1344      77617265 
 1344      2D686F73 
 1344      745C5368 
 1344      61726564 
 1345 017f 50505C72 		.ascii	"PP\\robot\\robot.cydsn\000"
 1345      6F626F74 
 1345      5C726F62 
 1345      6F742E63 
 1345      7964736E 
 1346              	.LASF19:
 1347 0194 61646472 		.ascii	"address\000"
 1347      65737300 
 1348              	.LASF39:
 1349 019c 43794578 		.ascii	"CyExitCriticalSection\000"
 1349      69744372 
 1349      69746963 
 1349      616C5365 
 1349      6374696F 
 1350              	.LASF32:
 1351 01b2 424C455F 		.ascii	"BLE_bless_isr_ClearPending\000"
 1351      626C6573 
 1351      735F6973 
 1351      725F436C 
 1351      65617250 
 1352              	.LASF15:
 1353 01cd 63796973 		.ascii	"cyisraddress\000"
 1353      72616464 
 1353      72657373 
 1353      00
 1354              	.LASF16:
 1355 01da 73697A65 		.ascii	"sizetype\000"
 1355      74797065 
 1355      00
 1356              	.LASF29:
 1357 01e3 424C455F 		.ascii	"BLE_bless_isr_StartEx\000"
 1357      626C6573 
 1357      735F6973 
 1357      725F5374 
 1357      61727445 
 1358              	.LASF6:
 1359 01f9 6C6F6E67 		.ascii	"long long int\000"
 1359      206C6F6E 
 1359      6720696E 
 1359      7400
 1360              	.LASF36:
 1361 0207 424C455F 		.ascii	"BLE_bless_isr_GetPriority\000"
 1361      626C6573 
 1361      735F6973 
 1361      725F4765 
 1361      74507269 
 1362              	.LASF13:
 1363 0221 63686172 		.ascii	"char\000"
 1363      00
 1364              	.LASF33:
 1365 0226 474E5520 		.ascii	"GNU C 4.9.3 20150303 (release) [ARM/embedded-4_9-br"
 1365      4320342E 
 1365      392E3320 
ARM GAS  C:\Users\Alan\AppData\Local\Temp\ccJR3Eoz.s 			page 34


 1365      32303135 
 1365      30333033 
 1366 0259 616E6368 		.ascii	"anch revision 221220] -mcpu=cortex-m0 -mthumb -g -O"
 1366      20726576 
 1366      6973696F 
 1366      6E203232 
 1366      31323230 
 1367 028c 67202D66 		.ascii	"g -ffunction-sections -ffat-lto-objects\000"
 1367      66756E63 
 1367      74696F6E 
 1367      2D736563 
 1367      74696F6E 
 1368              	.LASF2:
 1369 02b4 73686F72 		.ascii	"short int\000"
 1369      7420696E 
 1369      7400
 1370              	.LASF24:
 1371 02be 424C455F 		.ascii	"BLE_bless_isr_Enable\000"
 1371      626C6573 
 1371      735F6973 
 1371      725F456E 
 1371      61626C65 
 1372              	.LASF22:
 1373 02d3 7072696F 		.ascii	"priorityOffset\000"
 1373      72697479 
 1373      4F666673 
 1373      657400
 1374              	.LASF27:
 1375 02e2 424C455F 		.ascii	"BLE_bless_isr_Disable\000"
 1375      626C6573 
 1375      735F6973 
 1375      725F4469 
 1375      7361626C 
 1376              	.LASF4:
 1377 02f8 6C6F6E67 		.ascii	"long int\000"
 1377      20696E74 
 1377      00
 1378              	.LASF14:
 1379 0301 72656733 		.ascii	"reg32\000"
 1379      3200
 1380              	.LASF0:
 1381 0307 7369676E 		.ascii	"signed char\000"
 1381      65642063 
 1381      68617200 
 1382              	.LASF17:
 1383 0313 424C455F 		.ascii	"BLE_bless_isr_SetVector\000"
 1383      626C6573 
 1383      735F6973 
 1383      725F5365 
 1383      74566563 
 1384              	.LASF3:
 1385 032b 73686F72 		.ascii	"short unsigned int\000"
 1385      7420756E 
 1385      7369676E 
 1385      65642069 
 1385      6E7400
 1386              	.LASF30:
ARM GAS  C:\Users\Alan\AppData\Local\Temp\ccJR3Eoz.s 			page 35


 1387 033e 424C455F 		.ascii	"BLE_bless_isr_Stop\000"
 1387      626C6573 
 1387      735F6973 
 1387      725F5374 
 1387      6F7000
 1388              		.ident	"GCC: (GNU Tools for ARM Embedded Processors) 4.9.3 20150303 (release) [ARM/embedded-4_9-br
